Archive member included because of file (symbol)

c:/Espressif/ESP8266_SDK/lib\libmain.a(debug-vector.o)
                              (_DebugExceptionVector)
c:/Espressif/ESP8266_SDK/lib\libmain.a(double-vector.o)
                              (_DoubleExceptionVector)
c:/Espressif/ESP8266_SDK/lib\libmain.a(kernel-vector.o)
                              (_KernelExceptionVector)
c:/Espressif/ESP8266_SDK/lib\libmain.a(nmi-vector.o)
                              (_NMIExceptionVector)
c:/Espressif/ESP8266_SDK/lib\libmain.a(user-vector.o)
                              (_UserExceptionVector)
c:/Espressif/ESP8266_SDK/lib\libmain.a(vector.o)
                              (call_user_start)
c:/Espressif/ESP8266_SDK/lib\libmain.a(app_main.o)
                              c:/Espressif/ESP8266_SDK/lib\libmain.a(nmi-vector.o) (NMI_Handler)
c:/Espressif/ESP8266_SDK/lib\libmain.a(ets_timer.o)
                              c:/Espressif/ESP8266_SDK/lib\libmain.a(app_main.o) (ets_timer_setfn)
c:/Espressif/ESP8266_SDK/lib\libmain.a(mem_manager.o)
                              c:/Espressif/ESP8266_SDK/lib\libmain.a(app_main.o) (pvPortMalloc)
c:/Espressif/ESP8266_SDK/lib\libmain.a(spi_flash.o)
                              c:/Espressif/ESP8266_SDK/lib\libmain.a(app_main.o) (spi_flash_read)
c:/Espressif/ESP8266_SDK/lib\libmain.a(user_interface.o)
                              c:/Espressif/ESP8266_SDK/lib\libmain.a(app_main.o) (done_cb)
c:/Espressif/ESP8266_SDK/lib\libmain.a(eagle_lib.o)
                              c:/Espressif/ESP8266_SDK/lib\libmain.a(user_interface.o) (ets_sprintf)
c:/Espressif/ESP8266_SDK/lib\libmain.a(eagle_lwip_if.o)
                              c:/Espressif/ESP8266_SDK/lib\libmain.a(user_interface.o) (hostname)
c:/tools/sming/Sming/compiler/lib/\libsming.a(user_main.o)
                              c:/Espressif/ESP8266_SDK/lib\libmain.a(app_main.o) (user_init)
c:/tools/sming/Sming/compiler/lib/\libsming.a(System.o)
                              c:/tools/sming/Sming/compiler/lib/\libsming.a(user_main.o) (SystemClass::initialize())
c:/tools/sming/Sming/compiler/lib/\libsming.a(esp_cplusplus.o)
                              c:/tools/sming/Sming/compiler/lib/\libsming.a(user_main.o) (cpp_core_initialize)
c:/tools/sming/Sming/compiler/lib/\libsming.a(m_printf.o)
                              c:/tools/sming/Sming/compiler/lib/\libsming.a(esp_cplusplus.o) (m_printf)
c:/tools/sming/Sming/compiler/lib/\libsming.a(stringconversion.o)
                              c:/tools/sming/Sming/compiler/lib/\libsming.a(m_printf.o) (ltoa_w)
c:/tools/sming/Sming/compiler/lib/\libsming.a(IPAddress.o)
                              c:/tools/sming/Sming/compiler/lib/\libsming.a(user_main.o) (IPAddress::IPAddress(unsigned char, unsigned char, unsigned char, unsigned char))
c:/tools/sming/Sming/compiler/lib/\libsming.a(Print.o)
                              c:/tools/sming/Sming/compiler/lib/\libsming.a(IPAddress.o) (Print::print(char))
c:/tools/sming/Sming/compiler/lib/\libsming.a(WString.o)
                              c:/tools/sming/Sming/compiler/lib/\libsming.a(IPAddress.o) (String::~String())
c:/tools/sming/Sming/compiler/lib/\libsming.a(Interrupts.o)
                              c:/tools/sming/Sming/compiler/lib/\libsming.a(System.o) (noInterrupts())
c:/tools/sming/Sming/compiler/lib/\libsming.a(Digital.o)
                              c:/tools/sming/Sming/compiler/lib/\libsming.a(Interrupts.o) (pinMode(unsigned short, unsigned char))
out/build/app_app.a(application.o)
                              c:/tools/sming/Sming/compiler/lib/\libsming.a(user_main.o) (init())
c:/tools/sming/Sming/compiler/lib/\libmicroc.a(isspace.o)
                              c:/tools/sming/Sming/compiler/lib/\libsming.a(WString.o) (isspace)
c:/tools/sming/Sming/compiler/lib/\libmicroc.a(tolower.o)
                              c:/tools/sming/Sming/compiler/lib/\libsming.a(WString.o) (tolower)
c:/tools/sming/Sming/compiler/lib/\libmicroc.a(toupper.o)
                              c:/tools/sming/Sming/compiler/lib/\libsming.a(WString.o) (toupper)
c:/tools/sming/Sming/compiler/lib/\libmicroc.a(atof.o)
                              c:/tools/sming/Sming/compiler/lib/\libsming.a(WString.o) (atof)
c:/tools/sming/Sming/compiler/lib/\libmicroc.a(atoi.o)
                              c:/tools/sming/Sming/compiler/lib/\libsming.a(WString.o) (atoi)
c:/tools/sming/Sming/compiler/lib/\libmicroc.a(strtod.o)
                              c:/tools/sming/Sming/compiler/lib/\libmicroc.a(atof.o) (strtod)
c:/tools/sming/Sming/compiler/lib/\libmicroc.a(__fpclassify.o)
                              c:/tools/sming/Sming/compiler/lib/\libsming.a(stringconversion.o) (__fpclassifyd)
c:/tools/sming/Sming/compiler/lib/\libmicroc.a(strchr.o)
                              c:/tools/sming/Sming/compiler/lib/\libsming.a(WString.o) (strchr)
c:/tools/sming/Sming/compiler/lib/\libmicroc.a(strrchr.o)
[...]
Memory Configuration

Name             Origin             Length             Attributes
dport0_0_seg     0x3ff00000         0x00000010
dram0_0_seg      0x3ffe8000         0x00014000
iram1_0_seg      0x40100000         0x00008000
irom0_0_seg      0x40209000         0x00042000
*default*        0x00000000         0xffffffff

Linker script and memory map

START GROUP
LOAD c:/tools/sming/Sming/compiler/lib/\libmicroc.a
LOAD c:/tools/sming/Sming/compiler/lib/\libmicrogcc.a
LOAD c:/espressif/xtensa-lx106-elf/bin/../lib/gcc/xtensa-lx106-elf/5.1.0/../../../../xtensa-lx106-elf/lib\libhal.a
LOAD c:/Espressif/ESP8266_SDK/lib\libphy.a
LOAD c:/Espressif/ESP8266_SDK/lib\libpp.a
LOAD c:/Espressif/ESP8266_SDK/lib\libnet80211.a
LOAD c:/Espressif/ESP8266_SDK/lib\liblwip.a
LOAD c:/Espressif/ESP8266_SDK/lib\libwpa.a
LOAD c:/Espressif/ESP8266_SDK/lib\libmain.a
LOAD c:/tools/sming/Sming/compiler/lib/\libsming.a
LOAD out/build/app_app.a
END GROUP
                0x40000000                PROVIDE (_memmap_vecbase_reset, 0x40000000)
                0x00000110                _memmap_cacheattr_wb_base = 0x110
                0x00000110                _memmap_cacheattr_wt_base = 0x110
                0x00000220                _memmap_cacheattr_bp_base = 0x220
                0xfffff00f                _memmap_cacheattr_unused_mask = 0xfffff00f
                0x2222211f                _memmap_cacheattr_wb_trapnull = 0x2222211f
                0x2222211f                _memmap_cacheattr_wba_trapnull = 0x2222211f
                0x2222211f                _memmap_cacheattr_wbna_trapnull = 0x2222211f
                0x2222211f                _memmap_cacheattr_wt_trapnull = 0x2222211f
                0x2222222f                _memmap_cacheattr_bp_trapnull = 0x2222222f
                0xfffff11f                _memmap_cacheattr_wb_strict = 0xfffff11f
                0xfffff11f                _memmap_cacheattr_wt_strict = 0xfffff11f
                0xfffff22f                _memmap_cacheattr_bp_strict = 0xfffff22f
                0x22222112                _memmap_cacheattr_wb_allvalid = 0x22222112
                0x22222112                _memmap_cacheattr_wt_allvalid = 0x22222112
                0x22222222                _memmap_cacheattr_bp_allvalid = 0x22222222
                0x2222211f                PROVIDE (_memmap_cacheattr_reset, _memmap_cacheattr_wb_trapnull)

.dport0.rodata  0x3ff00000        0x0
                0x3ff00000                _dport0_rodata_start = ABSOLUTE (.)
 *(.dport0.rodata)
 *(.dport.rodata)
                0x3ff00000                _dport0_rodata_end = ABSOLUTE (.)

.dport0.literal
                0x3ff00000        0x0
                0x3ff00000                _dport0_literal_start = ABSOLUTE (.)
 *(.dport0.literal)
 *(.dport.literal)
                0x3ff00000                _dport0_literal_end = ABSOLUTE (.)

.dport0.data    0x3ff00000        0x0
                0x3ff00000                _dport0_data_start = ABSOLUTE (.)
 *(.dport0.data)
 *(.dport.data)
                0x3ff00000                _dport0_data_end = ABSOLUTE (.)

.data           0x3ffe8000      0x540
                0x3ffe8000                _data_start = ABSOLUTE (.)
 *(.data)
 .data          0x3ffe8000        0x4 c:/Espressif/ESP8266_SDK/lib\libmain.a(nmi-vector.o)
                0x3ffe8000                _Pri_3_HandlerAddress
 .data          0x3ffe8004        0x1 c:/Espressif/ESP8266_SDK/lib\libmain.a(app_main.o)
 *fill*         0x3ffe8005        0x3 
 .data          0x3ffe8008        0x5 c:/Espressif/ESP8266_SDK/lib\libmain.a(user_interface.o)
                0x3ffe8009                timer2_ms_flag
                0x3ffe800a                dhcps_flag
                0x3ffe800b                dhcpc_flag
                0x3ffe800c                reconnect_internal
 *fill*         0x3ffe800d        0x3 
 .data          0x3ffe8010        0x1 c:/Espressif/ESP8266_SDK/lib\libmain.a(eagle_lwip_if.o)
                0x3ffe8010                default_hostname
 *fill*         0x3ffe8011        0xf 
 .data          0x3ffe8020       0x53 c:/Espressif/ESP8266_SDK/lib\libphy.a(phy_chip_v6.o)
                0x3ffe8022                tx_rf_ana_gain
                0x3ffe8044                tx_pwctrl_atten_init_en
                0x3ffe8050                rx_gain_swp
                0x3ffe8070                test_rffreq_txcap
 *fill*         0x3ffe8073        0x1 
 .data          0x3ffe8074        0x4 c:/Espressif/ESP8266_SDK/lib\libphy.a(phy_sleep.o)
                0x3ffe8074                chip_version
 .data          0x3ffe8078        0x1 c:/Espressif/ESP8266_SDK/lib\libpp.a(pm.o)
 *fill*         0x3ffe8079        0x3 
 .data          0x3ffe807c        0x1 c:/Espressif/ESP8266_SDK/lib\libpp.a(pm_for_bcn_only_mode.o)
 *fill*         0x3ffe807d        0x3 
 .data          0x3ffe8080       0x1c c:/Espressif/ESP8266_SDK/lib\libpp.a(pp.o)
                0x3ffe8080                soft_wdt_interval
                0x3ffe8084                NoiseTimerInterval
                0x3ffe808c                sleep_start_wait_time
                0x3ffe8098                tcb
 *fill*         0x3ffe809c        0x4 
 .data          0x3ffe80a0       0x40 c:/Espressif/ESP8266_SDK/lib\libpp.a(rate_control.o)
 .data          0x3ffe80e0      0x22c c:/Espressif/ESP8266_SDK/lib\libpp.a(trc.o)
 .data          0x3ffe830c        0x8 c:/Espressif/ESP8266_SDK/lib\libpp.a(wdev.o)
 .data          0x3ffe8314        0x1 c:/Espressif/ESP8266_SDK/lib\libnet80211.a(ieee80211_hostap.o)
                0x3ffe8314                TmpSTAAPCloseAP
 *fill*         0x3ffe8315        0x3 
 .data          0x3ffe8318      0x1a8 c:/Espressif/ESP8266_SDK/lib\libnet80211.a(ieee80211_phy.o)
 .data          0x3ffe84c0        0x6 c:/Espressif/ESP8266_SDK/lib\libnet80211.a(ieee80211_proto.o)
                0x3ffe84c0                ieee80211_addr_bcast
 *fill*         0x3ffe84c6        0x2 
 .data          0x3ffe84c8       0x1c c:/Espressif/ESP8266_SDK/lib\libnet80211.a(ieee80211_action.o)
 .data          0x3ffe84e4       0x18 c:/Espressif/ESP8266_SDK/lib\libnet80211.a(ieee80211_crypto_ccmp.o)
                0x3ffe84e4                ccmp
 .data          0x3ffe84fc        0x4 c:/Espressif/ESP8266_SDK/lib\liblwip.a(dhcp.o)
 .data          0x3ffe8500        0x2 c:/Espressif/ESP8266_SDK/lib\liblwip.a(dhcpserver.o)
 *fill*         0x3ffe8502        0x2 
 .data          0x3ffe8504        0x8 c:/Espressif/ESP8266_SDK/lib\liblwip.a(tcp.o)
 .data          0x3ffe850c       0x18 c:/Espressif/ESP8266_SDK/lib\libnet80211.a(ieee80211_crypto_tkip.o)
                0x3ffe850c                tkip
 .data          0x3ffe8524       0x18 c:/Espressif/ESP8266_SDK/lib\libnet80211.a(ieee80211_crypto_wep.o)
                0x3ffe8524                wep
 *(.data.*)
 .data.cbc_printchar
                0x3ffe853c        0x4 c:/tools/sming/Sming/compiler/lib/\libsming.a(m_printf.o)
                0x3ffe853c                cbc_printchar
 *(.gnu.linkonce.d.*)
 *(.data1)
 *(.sdata)
 *(.sdata.*)
 *(.gnu.linkonce.s.*)
 *(.sdata2)
 *(.sdata2.*)
 *(.gnu.linkonce.s2.*)
 *(.jcr)
                0x3ffe8540                _data_end = ABSOLUTE (.)

.rodata         0x3ffe8540     0x2544
                0x3ffe8540                _rodata_start = ABSOLUTE (.)
 *(.sdk.version)
 .sdk.version   0x3ffe8540        0x6 c:/Espressif/ESP8266_SDK/lib\libmain.a(app_main.o)
                0x3ffe8540                SDK_VERSION
 *(.rodata)
 *fill*         0x3ffe8546        0x2 
 .rodata        0x3ffe8548        0x8 c:/Espressif/ESP8266_SDK/lib\libphy.a(phy_chip_v6.o)
 .rodata        0x3ffe8550        0x8 c:/Espressif/ESP8266_SDK/lib\libpp.a(pp.o)
 .rodata        0x3ffe8558        0x4 c:/Espressif/ESP8266_SDK/lib\libnet80211.a(ieee80211_output.o)
 *fill*         0x3ffe855c        0x4 
 .rodata        0x3ffe8560       0x70 c:/Espressif/ESP8266_SDK/lib\libnet80211.a(ieee80211_proto.o)
 .rodata        0x3ffe85d0        0x8 c:/Espressif/ESP8266_SDK/lib\libnet80211.a(wl_cnx.o)
 .rodata        0x3ffe85d8        0x8 c:/Espressif/ESP8266_SDK/lib\liblwip.a(dhcpserver.o)
 .rodata        0x3ffe85e0        0x6 c:/Espressif/ESP8266_SDK/lib\liblwip.a(etharp.o)
                0x3ffe85e0                ethbroadcast
 *fill*         0x3ffe85e6        0x2 
 .rodata        0x3ffe85e8        0x4 c:/Espressif/ESP8266_SDK/lib\liblwip.a(ip_addr.o)
                0x3ffe85e8                ip_addr_broadcast
 *fill*         0x3ffe85ec        0x4 
 .rodata        0x3ffe85f0       0x14 c:/Espressif/ESP8266_SDK/lib\liblwip.a(memp.o)
                0x3ffe85f0                memp_sizes
 *fill*         0x3ffe8604        0xc 
 .rodata        0x3ffe8610       0x2d c:/Espressif/ESP8266_SDK/lib\liblwip.a(tcp.o)
                0x3ffe8610                tcp_pcb_lists
                0x3ffe8620                tcp_persist_backoff
                0x3ffe8630                tcp_backoff
 *fill*         0x3ffe863d        0x3 
 .rodata        0x3ffe8640        0xc c:/Espressif/ESP8266_SDK/lib\libwpa.a(wpa_common.o)
 .rodata        0x3ffe864c       0x14 c:/tools/sming/Sming/compiler/lib/\libsming.a(WebSocket.o)
 .rodata        0x3ffe8660      0x100 c:/tools/sming/Sming/compiler/lib/\libmicrogcc.a(_popcount_tab.o)
                0x3ffe8660                __popcount_tab
 *(.rodata.*)
 .rodata.str1.4
                0x3ffe8760       0x6b c:/Espressif/ESP8266_SDK/lib\libmain.a(app_main.o)
 *fill*         0x3ffe87cb        0x1 
 .rodata.str1.4
                0x3ffe87cc       0x14 c:/Espressif/ESP8266_SDK/lib\libmain.a(ets_timer.o)
 .rodata.str1.4
                0x3ffe87e0       0x28 c:/Espressif/ESP8266_SDK/lib\libmain.a(mem_manager.o)
 .rodata.str1.4
                0x3ffe8808       0x1b c:/Espressif/ESP8266_SDK/lib\libmain.a(user_interface.o)
 *fill*         0x3ffe8823        0x1 
 .rodata._ZL14EspDigitalPins
                0x3ffe8824       0xc0 c:/tools/sming/Sming/compiler/lib/\libsming.a(user_main.o)
 .rodata._ZTV6VectorI8DelegateIFvvEEE
                0x3ffe88e4       0x1c c:/tools/sming/Sming/compiler/lib/\libsming.a(System.o)
                0x3ffe88e4                vtable for Vector<Delegate<void ()> >
 .rodata._ZTV6VectorIP19ISystemReadyHandlerE
                0x3ffe8900       0x1c c:/tools/sming/Sming/compiler/lib/\libsming.a(System.o)
                0x3ffe8900                vtable for Vector<ISystemReadyHandler*>
 .rodata.str1.1
                0x3ffe891c       0x21 c:/tools/sming/Sming/compiler/lib/\libsming.a(stringconversion.o)
 .rodata.str1.1
                0x3ffe893d        0xf c:/tools/sming/Sming/compiler/lib/\libsming.a(IPAddress.o)
                                 0x10 (size before relaxing)
 .rodata._ZTV9IPAddress
                0x3ffe894c        0xc c:/tools/sming/Sming/compiler/lib/\libsming.a(IPAddress.o)
                0x3ffe894c                vtable for IPAddress
 .rodata.str1.1
                0x3ffe8958        0x8 c:/tools/sming/Sming/compiler/lib/\libsming.a(Print.o)
                                  0xe (size before relaxing)
 .rodata.str1.1
                0x00000000        0x1 c:/tools/sming/Sming/compiler/lib/\libsming.a(WString.o)
 .rodata.str1.1
                0x3ffe8960       0x23 c:/tools/sming/Sming/compiler/lib/\libsming.a(Digital.o)
 *fill*         0x3ffe8983        0x1 
 .rodata._ZL14EspDigitalPins
                0x3ffe8984       0xc0 c:/tools/sming/Sming/compiler/lib/\libsming.a(Digital.o)
 .rodata.str1.1
                0x3ffe8a44      0x17c out/build/app_app.a(application.o)
                                0x182 (size before relaxing)
 .rodata._ZTV14FunctionCallerIPFvvEvJEE
                0x3ffe8bc0       0x14 out/build/app_app.a(application.o)
                0x3ffe8bc0                vtable for FunctionCaller<void (*)(), void>
 .rodata._ZTV14FunctionCallerIPFvR11HttpRequestR12HttpResponseEvJS1_S3_EE
                0x3ffe8bd4       0x14 out/build/app_app.a(application.o)
                0x3ffe8bd4                vtable for FunctionCaller<void (*)(HttpRequest&, HttpResponse&), void, HttpRequest&, HttpResponse&>
 .rodata.str1.1
                0x3ffe8be8        0xc c:/tools/sming/Sming/compiler/lib/\libmicroc.a(abort.o)
 .rodata.str1.4
                0x3ffe8bf4        0x7 c:/Espressif/ESP8266_SDK/lib\libpp.a(lmac.o)
                                  0xf (size before relaxing)
 *fill*         0x3ffe8bfb        0x1 
 .rodata.str1.4
                0x3ffe8bfc       0x17 c:/Espressif/ESP8266_SDK/lib\libpp.a(pm.o)
                                 0x1f (size before relaxing)
 *fill*         0x3ffe8c13        0x1 
 .rodata.str1.4
                0x3ffe8c14       0x17 c:/Espressif/ESP8266_SDK/lib\libpp.a(pm_for_bcn_only_mode.o)
                                 0x27 (size before relaxing)
 *fill*         0x3ffe8c2b        0x1 
 .rodata.str1.4
                0x3ffe8c2c        0x5 c:/Espressif/ESP8266_SDK/lib\libpp.a(pp.o)
                                  0xd (size before relaxing)
 *fill*         0x3ffe8c31        0x3 
 .rodata.str1.4
                0x3ffe8c34        0x7 c:/Espressif/ESP8266_SDK/lib\libpp.a(wdev.o)
                                  0xf (size before relaxing)
 .rodata.str1.4
                0x00000000        0x7 c:/Espressif/ESP8266_SDK/lib\libnet80211.a(ieee80211.o)
 .rodata.str1.4
                0x00000000        0x7 c:/Espressif/ESP8266_SDK/lib\libnet80211.a(ieee80211_output.o)
 *fill*         0x3ffe8c3b        0x1 
 .rodata.str1.4
                0x3ffe8c3c        0x4 c:/Espressif/ESP8266_SDK/lib\libnet80211.a(ieee80211_scan.o)
 .rodata.str1.4
                0x3ffe8c40        0x4 c:/Espressif/ESP8266_SDK/lib\libnet80211.a(ieee80211_action_vendor.o)
 .rodata.str1.4
                0x00000000        0x4 c:/Espressif/ESP8266_SDK/lib\libnet80211.a(ieee80211_ie_vendor.o)
 .rodata.str1.4
                0x3ffe8c44        0xf c:/Espressif/ESP8266_SDK/lib\liblwip.a(dns.o)
 .rodata.str1.4
                0x00000000        0xf c:/Espressif/ESP8266_SDK/lib\liblwip.a(espconn_tcp.o)
                                  0x1 (size before relaxing)
 *fill*         0x3ffe8c53        0x1 
 .rodata.str1.4
                0x3ffe8c54       0x88 c:/Espressif/ESP8266_SDK/lib\liblwip.a(mdns.o)
 .rodata.str1.4
                0x3ffe8cdc       0x3c c:/Espressif/ESP8266_SDK/lib\libwpa.a(wpa_auth.o)
                                 0x43 (size before relaxing)
 .rodata.str1.4
                0x00000000       0x17 c:/Espressif/ESP8266_SDK/lib\libwpa.a(wpa.o)
 .rodata.str1.4
                0x3ffe8d18        0x9 c:/Espressif/ESP8266_SDK/lib\libwpa.a(wpa_common.o)
 *fill*         0x3ffe8d21        0x3 
 .rodata.str1.4
                0x3ffe8d24        0x8 c:/Espressif/ESP8266_SDK/lib\libwpa.a(wpa_debug.o)
                                  0xd (size before relaxing)
 .rodata.str1.1
                0x3ffe8d2c      0x159 c:/tools/sming/Sming/compiler/lib/\libsming.a(spiffs_sming.o)
                                0x165 (size before relaxing)
 .rodata.str1.1
                0x3ffe8e85      0x156 c:/tools/sming/Sming/compiler/lib/\libsming.a(DataSourceStream.o)
                                0x157 (size before relaxing)
 *fill*         0x3ffe8fdb        0x1 
 .rodata._ZTV16MemoryDataStream
                0x3ffe8fdc       0x48 c:/tools/sming/Sming/compiler/lib/\libsming.a(DataSourceStream.o)
                0x3ffe8fdc                vtable for MemoryDataStream
 .rodata._ZTV10FileStream
                0x3ffe9024       0x20 c:/tools/sming/Sming/compiler/lib/\libsming.a(DataSourceStream.o)
                0x3ffe9024                vtable for FileStream
 .rodata._ZTV18TemplateFileStream
                0x3ffe9044       0x20 c:/tools/sming/Sming/compiler/lib/\libsming.a(DataSourceStream.o)
                0x3ffe9044                vtable for TemplateFileStream
 .rodata.str1.1
                0x3ffe9064       0x34 c:/tools/sming/Sming/compiler/lib/\libsming.a(FileSystem.o)
                                 0x37 (size before relaxing)
 .rodata._ZTV6VectorI6StringE
                0x3ffe9098       0x1c c:/tools/sming/Sming/compiler/lib/\libsming.a(FileSystem.o)
                0x3ffe9098                vtable for Vector<String>
 .rodata.str1.1
                0x00000000       0x34 c:/tools/sming/Sming/compiler/lib/\libsming.a(HardwareSerial.o)
                                  0x3 (size before relaxing)
 .rodata._ZTV14HardwareSerial
                0x3ffe90b4       0x20 c:/tools/sming/Sming/compiler/lib/\libsming.a(HardwareSerial.o)
                0x3ffe90b4                vtable for HardwareSerial
 .rodata.str1.1
                0x3ffe90d4       0x4f c:/tools/sming/Sming/compiler/lib/\libsming.a(FTPServer.o)
                                 0x50 (size before relaxing)
 *fill*         0x3ffe9123        0x1 
 .rodata._ZTV9FTPServer
                0x3ffe9124       0x54 c:/tools/sming/Sming/compiler/lib/\libsming.a(FTPServer.o)
                0x3ffe9124                vtable for FTPServer
 .rodata.str1.1
                0x3ffe9178      0x1a5 c:/tools/sming/Sming/compiler/lib/\libsming.a(FTPServerConnection.o)
                                0x1b1 (size before relaxing)
 *fill*         0x3ffe931d        0x3 
 .rodata._ZTV13FTPDataStream
                0x3ffe9320       0x3c c:/tools/sming/Sming/compiler/lib/\libsming.a(FTPServerConnection.o)
                0x3ffe9320                vtable for FTPDataStream
 .rodata._ZTV15FTPDataFileList
                0x3ffe935c       0x3c c:/tools/sming/Sming/compiler/lib/\libsming.a(FTPServerConnection.o)
                0x3ffe935c                vtable for FTPDataFileList
 .rodata._ZTV15FTPDataRetrieve
                0x3ffe9398       0x3c c:/tools/sming/Sming/compiler/lib/\libsming.a(FTPServerConnection.o)
                0x3ffe9398                vtable for FTPDataRetrieve
 .rodata._ZTV12FTPDataStore
                0x3ffe93d4       0x3c c:/tools/sming/Sming/compiler/lib/\libsming.a(FTPServerConnection.o)
                0x3ffe93d4                vtable for FTPDataStore
 .rodata._ZTV19FTPServerConnection
                0x3ffe9410       0x40 c:/tools/sming/Sming/compiler/lib/\libsming.a(FTPServerConnection.o)
                0x3ffe9410                vtable for FTPServerConnection
 .rodata.str1.1
                0x3ffe9450      0x1c4 c:/tools/sming/Sming/compiler/lib/\libsming.a(HttpResponse.o)
                                0x1e1 (size before relaxing)
 .rodata._ZTV12HttpResponse
                0x3ffe9614       0x10 c:/tools/sming/Sming/compiler/lib/\libsming.a(HttpResponse.o)
                0x3ffe9614                vtable for HttpResponse
 .rodata.str1.1
                0x3ffe9624       0xee c:/tools/sming/Sming/compiler/lib/\libsming.a(HttpServer.o)
                                0x117 (size before relaxing)
 *fill*         0x3ffe9712        0x2 
 .rodata._ZTV6VectorI9WebSocketE
                0x3ffe9714       0x1c c:/tools/sming/Sming/compiler/lib/\libsming.a(HttpServer.o)
                0x3ffe9714                vtable for Vector<WebSocket>
 .rodata._ZTV10HttpServer
                0x3ffe9730       0x5c c:/tools/sming/Sming/compiler/lib/\libsming.a(HttpServer.o)
                0x3ffe9730                vtable for HttpServer
 .rodata._ZTV12MethodCallerIM10HttpServerFvR20HttpServerConnectionEE
                0x3ffe978c       0x14 c:/tools/sming/Sming/compiler/lib/\libsming.a(HttpServer.o)
                0x3ffe978c                vtable for MethodCaller<void (HttpServer::*)(HttpServerConnection&)>
 .rodata.str1.1
                0x3ffe97a0      0x10e c:/tools/sming/Sming/compiler/lib/\libsming.a(HttpServerConnection.o)
                                0x118 (size before relaxing)
 *fill*         0x3ffe98ae        0x2 
 .rodata._ZTV20HttpServerConnection
                0x3ffe98b0       0x40 c:/tools/sming/Sming/compiler/lib/\libsming.a(HttpServerConnection.o)
                0x3ffe98b0                vtable for HttpServerConnection
 .rodata.str1.1
                0x3ffe98f0      0x167 c:/tools/sming/Sming/compiler/lib/\libsming.a(MqttClient.o)
                                0x16a (size before relaxing)
 *fill*         0x3ffe9a57        0x1 
 .rodata._ZTV10MqttClient
                0x3ffe9a58       0x3c c:/tools/sming/Sming/compiler/lib/\libsming.a(MqttClient.o)
                0x3ffe9a58                vtable for MqttClient
 .rodata.str1.1
                0x3ffe9a94       0x1e c:/tools/sming/Sming/compiler/lib/\libsming.a(TcpClient.o)
 *fill*         0x3ffe9ab2        0x2 
 .rodata._ZTV9TcpClient
                0x3ffe9ab4       0x3c c:/tools/sming/Sming/compiler/lib/\libsming.a(TcpClient.o)
                0x3ffe9ab4                vtable for TcpClient
 .rodata.str1.1
                0x3ffe9af0      0x203 c:/tools/sming/Sming/compiler/lib/\libsming.a(TcpConnection.o)
                                0x220 (size before relaxing)
 *fill*         0x3ffe9cf3        0x1 
 .rodata._ZTV13TcpConnection
                0x3ffe9cf4       0x38 c:/tools/sming/Sming/compiler/lib/\libsming.a(TcpConnection.o)
                0x3ffe9cf4                vtable for TcpConnection
 .rodata.str1.1
                0x3ffe9d2c      0x16a c:/tools/sming/Sming/compiler/lib/\libsming.a(TcpServer.o)
 *fill*         0x3ffe9e96        0x2 
 .rodata._ZTV9TcpServer
                0x3ffe9e98       0x50 c:/tools/sming/Sming/compiler/lib/\libsming.a(TcpServer.o)
                0x3ffe9e98                vtable for TcpServer
 .rodata._ZTV12MethodCallerIM9TcpServerFbR9TcpClientPciEE
                0x3ffe9ee8       0x14 c:/tools/sming/Sming/compiler/lib/\libsming.a(TcpServer.o)
                0x3ffe9ee8                vtable for MethodCaller<bool (TcpServer::*)(TcpClient&, char*, int)>
 .rodata._ZTV12MethodCallerIM9TcpServerFvR9TcpClientbEE
                0x3ffe9efc       0x14 c:/tools/sming/Sming/compiler/lib/\libsming.a(TcpServer.o)
                0x3ffe9efc                vtable for MethodCaller<void (TcpServer::*)(TcpClient&, bool)>
 .rodata.str1.1
                0x3ffe9f10       0x1f c:/tools/sming/Sming/compiler/lib/\libsming.a(WebSocket.o)
                                 0x5b (size before relaxing)
 *fill*         0x3ffe9f2f        0x1 
 .rodata._ZTV9WebSocket
                0x3ffe9f30        0xc c:/tools/sming/Sming/compiler/lib/\libsming.a(WebSocket.o)
                0x3ffe9f30                vtable for WebSocket
 .rodata.str1.1
                0x3ffe9f3c       0xf0 c:/tools/sming/Sming/compiler/lib/\libsming.a(AccessPoint.o)
                                 0xf1 (size before relaxing)
 .rodata._ZTV16AccessPointClass
                0x3ffea02c       0x14 c:/tools/sming/Sming/compiler/lib/\libsming.a(AccessPoint.o)
                0x3ffea02c                vtable for AccessPointClass
 .rodata.str1.1
                0x3ffea040      0x1ce c:/tools/sming/Sming/compiler/lib/\libsming.a(Station.o)
                                0x20f (size before relaxing)
 *fill*         0x3ffea20e        0x2 
 .rodata._ZTV12StationClass
                0x3ffea210       0x14 c:/tools/sming/Sming/compiler/lib/\libsming.a(Station.o)
                0x3ffea210                vtable for StationClass
 .rodata._ZTV6VectorI7BssInfoE
                0x3ffea224       0x1c c:/tools/sming/Sming/compiler/lib/\libsming.a(Station.o)
                0x3ffea224                vtable for Vector<BssInfo>
 .rodata._ZTV8WDTClass
                0x3ffea240       0x14 c:/tools/sming/Sming/compiler/lib/\libsming.a(WDT.o)
                0x3ffea240                vtable for WDTClass
 .rodata.str1.1
                0x3ffea254       0x10 c:/tools/sming/Sming/compiler/lib/\libsming.a(ArduinoJson.o)
                                 0x11 (size before relaxing)
 .rodata.str1.1
                0x3ffea264       0xd0 c:/tools/sming/Sming/compiler/lib/\libsming.a(CommandExecutor.o)
                                 0xd5 (size before relaxing)
 .rodata.str1.1
                0x3ffea334      0x24e c:/tools/sming/Sming/compiler/lib/\libsming.a(CommandHandler.o)
                                0x256 (size before relaxing)
 .rodata._ZL13base64enc_tab
                0x3ffea582       0x41 c:/tools/sming/Sming/compiler/lib/\libsming.a(base64.o)
 .rodata.str1.1
                0x3ffea5c3       0x17 c:/tools/sming/Sming/compiler/lib/\libsming.a(websocket.o)
 .rodata._ZZ17wsParseInputFramePhjPS_PjE12__FUNCTION__
                0x3ffea5da       0x12 c:/tools/sming/Sming/compiler/lib/\libsming.a(websocket.o)
 .rodata._ZZ11wsMakeFramePKhjPhPj11wsFrameTypeE12__FUNCTION__
                0x3ffea5ec        0xc c:/tools/sming/Sming/compiler/lib/\libsming.a(websocket.o)
 .rodata.str1.1
                0x3ffea5f8       0x80 c:/tools/sming/Sming/compiler/lib/\libsming.a(DHT.o)
 .rodata.str1.1
                0x3ffea678      0x1e3 c:/tools/sming/Sming/compiler/lib/\libsming.a(ds18s20.o)
 *fill*         0x3ffea85b        0x1 
 .rodata._ZTV7DS18S20
                0x3ffea85c       0x10 c:/tools/sming/Sming/compiler/lib/\libsming.a(ds18s20.o)
                0x3ffea85c                vtable for DS18S20
 .rodata._ZTV12MethodCallerIM7DS18S20FvvEE
                0x3ffea86c       0x14 c:/tools/sming/Sming/compiler/lib/\libsming.a(ds18s20.o)
                0x3ffea86c                vtable for MethodCaller<void (DS18S20::*)()>
 .rodata.str1.1
                0x3ffea880       0x59 c:/tools/sming/Sming/compiler/lib/\libsming.a(flashmem.o)
 *fill*         0x3ffea8d9        0x3 
 .rodata.CSWTCH$11
                0x3ffea8dc       0x14 c:/tools/sming/Sming/compiler/lib/\libsming.a(flashmem.o)
 .rodata.str1.1
                0x3ffea8f0        0x6 c:/tools/sming/Sming/compiler/lib/\libsming.a(libemqtt.o)
 .rodata.str1.1
                0x3ffea8f6       0x9b c:/tools/sming/Sming/compiler/lib/\libsming.a(HttpRequest.o)
                                 0xdb (size before relaxing)
 *fill*         0x3ffea991        0x3 
 .rodata._ZTV11HttpRequest
                0x3ffea994       0x10 c:/tools/sming/Sming/compiler/lib/\libsming.a(HttpRequest.o)
                0x3ffea994                vtable for HttpRequest
 .rodata.str1.1
                0x00000000        0x1 c:/tools/sming/Sming/compiler/lib/\libsming.a(CommandDelegate.o)
 .rodata.str1.1
                0x3ffea9a4       0x1e c:/tools/sming/Sming/compiler/lib/\libsming.a(escape.o)
                                 0x35 (size before relaxing)
 .rodata._ZZ12uri_unescapeE12__FUNCTION__
                0x3ffea9c2        0xd c:/tools/sming/Sming/compiler/lib/\libsming.a(escape.o)
 *(.gnu.linkonce.r.*)
 *(.rodata1)
                0x3ffea9cf                __XT_EXCEPTION_TABLE__ = ABSOLUTE (.)
 *(.xt_except_table)
 *(.gcc_except_table)
 *(.gnu.linkonce.e.*)
 *(.gnu.version_r)
 *(.eh_frame)
                0x3ffea9d0                . = ((. + 0x3) & 0xfffffffc)
 *fill*         0x3ffea9cf        0x1 
                0x3ffea9d0                __dso_handle = ABSOLUTE (.)
                0x3ffea9d0                __init_array_start = ABSOLUTE (.)
 *crtbegin.o(.ctors)
 *(EXCLUDE_FILE(*crtend.o) .ctors)
 .ctors         0x3ffea9d0        0x4 c:/tools/sming/Sming/compiler/lib/\libsming.a(user_main.o)
 .ctors         0x3ffea9d4        0x4 c:/tools/sming/Sming/compiler/lib/\libsming.a(System.o)
 .ctors         0x3ffea9d8        0x4 c:/tools/sming/Sming/compiler/lib/\libsming.a(m_printf.o)
 .ctors         0x3ffea9dc        0x4 c:/tools/sming/Sming/compiler/lib/\libsming.a(IPAddress.o)
 .ctors         0x3ffea9e0        0x4 c:/tools/sming/Sming/compiler/lib/\libsming.a(Print.o)
 .ctors         0x3ffea9e4        0x4 c:/tools/sming/Sming/compiler/lib/\libsming.a(WString.o)
 .ctors         0x3ffea9e8        0x4 c:/tools/sming/Sming/compiler/lib/\libsming.a(Interrupts.o)
 .ctors         0x3ffea9ec        0x4 c:/tools/sming/Sming/compiler/lib/\libsming.a(Digital.o)
 .ctors         0x3ffea9f0        0x4 out/build/app_app.a(application.o)
 .ctors         0x3ffea9f4        0x4 c:/tools/sming/Sming/compiler/lib/\libsming.a(DataSourceStream.o)
 .ctors         0x3ffea9f8        0x4 c:/tools/sming/Sming/compiler/lib/\libsming.a(HardwareSerial.o)
 .ctors         0x3ffea9fc        0x4 c:/tools/sming/Sming/compiler/lib/\libsming.a(FTPServer.o)
 .ctors         0x3ffeaa00        0x4 c:/tools/sming/Sming/compiler/lib/\libsming.a(FTPServerConnection.o)
 .ctors         0x3ffeaa04        0x4 c:/tools/sming/Sming/compiler/lib/\libsming.a(HttpResponse.o)
 .ctors         0x3ffeaa08        0x4 c:/tools/sming/Sming/compiler/lib/\libsming.a(HttpServer.o)
 .ctors         0x3ffeaa0c        0x4 c:/tools/sming/Sming/compiler/lib/\libsming.a(HttpServerConnection.o)
 .ctors         0x3ffeaa10        0x4 c:/tools/sming/Sming/compiler/lib/\libsming.a(MqttClient.o)
 .ctors         0x3ffeaa14        0x4 c:/tools/sming/Sming/compiler/lib/\libsming.a(TcpClient.o)
 .ctors         0x3ffeaa18        0x4 c:/tools/sming/Sming/compiler/lib/\libsming.a(TcpConnection.o)
 .ctors         0x3ffeaa1c        0x4 c:/tools/sming/Sming/compiler/lib/\libsming.a(TcpServer.o)
 .ctors         0x3ffeaa20        0x4 c:/tools/sming/Sming/compiler/lib/\libsming.a(WebSocket.o)
 .ctors         0x3ffeaa24        0x4 c:/tools/sming/Sming/compiler/lib/\libsming.a(AccessPoint.o)
 .ctors         0x3ffeaa28        0x4 c:/tools/sming/Sming/compiler/lib/\libsming.a(Station.o)
 .ctors         0x3ffeaa2c        0x4 c:/tools/sming/Sming/compiler/lib/\libsming.a(WDT.o)
 .ctors         0x3ffeaa30        0x4 c:/tools/sming/Sming/compiler/lib/\libsming.a(ArduinoJson.o)
 .ctors         0x3ffeaa34        0x4 c:/tools/sming/Sming/compiler/lib/\libsming.a(CommandExecutor.o)
 .ctors         0x3ffeaa38        0x4 c:/tools/sming/Sming/compiler/lib/\libsming.a(CommandHandler.o)
 .ctors         0x3ffeaa3c        0x4 c:/tools/sming/Sming/compiler/lib/\libsming.a(CommandOutput.o)
 .ctors         0x3ffeaa40        0x4 c:/tools/sming/Sming/compiler/lib/\libsming.a(DHT.o)
 .ctors         0x3ffeaa44        0x4 c:/tools/sming/Sming/compiler/lib/\libsming.a(ds18s20.o)
 .ctors         0x3ffeaa48        0x4 c:/tools/sming/Sming/compiler/lib/\libsming.a(OneWire.o)
 .ctors         0x3ffeaa4c        0x4 c:/tools/sming/Sming/compiler/lib/\libsming.a(Clock.o)
 .ctors         0x3ffeaa50        0x4 c:/tools/sming/Sming/compiler/lib/\libsming.a(SystemClock.o)
 .ctors         0x3ffeaa54        0x4 c:/tools/sming/Sming/compiler/lib/\libsming.a(HttpRequest.o)
 .ctors         0x3ffeaa58        0x4 c:/tools/sming/Sming/compiler/lib/\libsming.a(RTC.o)
 .ctors         0x3ffeaa5c        0x4 c:/tools/sming/Sming/compiler/lib/\libsming.a(CommandDelegate.o)
 .ctors         0x3ffeaa60        0x4 c:/tools/sming/Sming/compiler/lib/\libsming.a(DateTime.o)
 *(SORT(.ctors.*))
 *(.ctors)
                0x3ffeaa64                __init_array_end = ABSOLUTE (.)
 *crtbegin.o(.dtors)
 *(EXCLUDE_FILE(*crtend.o) .dtors)
 .dtors         0x3ffeaa64        0x4 c:/tools/sming/Sming/compiler/lib/\libsming.a(System.o)
 .dtors         0x3ffeaa68        0x4 c:/tools/sming/Sming/compiler/lib/\libsming.a(Interrupts.o)
 .dtors         0x3ffeaa6c        0x4 out/build/app_app.a(application.o)
 .dtors         0x3ffeaa70        0x4 c:/tools/sming/Sming/compiler/lib/\libsming.a(HardwareSerial.o)
 .dtors         0x3ffeaa74        0x4 c:/tools/sming/Sming/compiler/lib/\libsming.a(Station.o)
 .dtors         0x3ffeaa78        0x4 c:/tools/sming/Sming/compiler/lib/\libsming.a(ArduinoJson.o)
 *(SORT(.dtors.*))
 *(.dtors)
                0x3ffeaa7c                __XT_EXCEPTION_DESCS__ = ABSOLUTE (.)
 *(.xt_except_desc)
 *(.gnu.linkonce.h.*)
                0x3ffeaa7c                __XT_EXCEPTION_DESCS_END__ = ABSOLUTE (.)
 *(.xt_except_desc_end)
 *(.dynamic)
 *(.gnu.version_d)
                0x3ffeaa7c                . = ALIGN (0x4)
                0x3ffeaa7c                _bss_table_start = ABSOLUTE (.)
                0x3ffeaa7c        0x4 LONG 0x3ffeaa88 _bss_start
                0x3ffeaa80        0x4 LONG 0x3fff2fc0 _bss_end
                0x3ffeaa84                _bss_table_end = ABSOLUTE (.)
                0x3ffeaa84                _rodata_end = ABSOLUTE (.)

.bss            0x3ffeaa88     0x8538
                0x3ffeaa88                . = ALIGN (0x8)
                0x3ffeaa88                _bss_start = ABSOLUTE (.)
 *(.dynsbss)
 *(.sbss)
 *(.sbss.*)
 *(.gnu.linkonce.sb.*)
 *(.scommon)
 *(.sbss2)
 *(.sbss2.*)
 *(.gnu.linkonce.sb2.*)
 *(.dynbss)
 *(.bss)
 *fill*         0x3ffeaa88        0x8 
 .bss           0x3ffeaa90      0x1c0 c:/Espressif/ESP8266_SDK/lib\libmain.a(nmi-vector.o)
 .bss           0x3ffeac50       0x41 c:/Espressif/ESP8266_SDK/lib\libmain.a(app_main.o)
                0x3ffeac54                info
                0x3ffeac78                lwip_timer_interval
                0x3ffeac7c                check_timeouts_timer
                0x3ffeac90                user_init_flag
 *fill*         0x3ffeac91        0xf 
 .bss           0x3ffeaca0       0x30 c:/Espressif/ESP8266_SDK/lib\libmain.a(ets_timer.o)
                0x3ffeaca0                timer_list
                0x3ffeaca4                debug_timer
                0x3ffeaca8                debug_timerfn
 .bss           0x3ffeacd0       0x18 c:/Espressif/ESP8266_SDK/lib\libmain.a(mem_manager.o)
 .bss           0x3ffeace8        0x4 c:/Espressif/ESP8266_SDK/lib\libmain.a(spi_flash.o)
                0x3ffeace8                flash_read
 *fill*         0x3ffeacec        0x4 
 .bss           0x3ffeacf0      0x151 c:/Espressif/ESP8266_SDK/lib\libmain.a(user_interface.o)
                0x3ffeade7                deep_sleep_flag
                0x3ffeade8                cpu_overclock
                0x3ffeadec                event_cb
                0x3ffeadf0                status_led_output_level
                0x3ffeadf4                done_cb
                0x3ffeadf8                rst_if
                0x3ffeae14                default_interface
                0x3ffeae15                OpmodChgIsOnGoing
                0x3ffeae18                bcn_ie
                0x3ffeae20                promiscuous_cb
 *fill*         0x3ffeae41        0x3 
 .bss           0x3ffeae44        0xc c:/Espressif/ESP8266_SDK/lib\libmain.a(eagle_lwip_if.o)
                0x3ffeae44                hostname
 .bss           0x3ffeae50        0x4 c:/Espressif/ESP8266_SDK/lib\libphy.a(phy.o)
 *fill*         0x3ffeae54        0xc 
 .bss           0x3ffeae60      0x3ab c:/Espressif/ESP8266_SDK/lib\libphy.a(phy_chip_v6.o)
                0x3ffeae60                g_phyFuns
                0x3ffeae64                rxiq_compute_num
                0x3ffeae68                rxdc_init_flag
                0x3ffeae6c                check_result
                0x3ffeae70                chip6_sleep_params
                0x3ffeb054                chip6_phy_init_ctrl
                0x3ffeb0c8                phy_freq_offset
                0x3ffeb0ca                do_pwctrl_flag
                0x3ffeb0cb                pwctrl_debug
                0x3ffeb0cc                txbk_dpdby_flag
                0x3ffeb0ce                sw_scan_mode
                0x3ffeb0e0                periodic_cal_dc_num
                0x3ffeb0e4                periodic_cal_flag
                0x3ffeb0e5                bbpll_cal_flag
                0x3ffeb0e6                phy_in_most_power
                0x3ffeb0e7                deep_sleep_en
                0x3ffeb0e8                rtc_mem_check_fail
                0x3ffeb0e9                rtc_recovery_en
                0x3ffeb0ea                phy_in_vdd33_offset
                0x3ffeb0eb                phy_set_most_tpw_disbg
                0x3ffeb0ec                phy_set_most_tpw_index
                0x3ffeb0f0                adc_rand_noise
                0x3ffeb0f4                dpd_bypass_original
                0x3ffeb0f8                noise_array
                0x3ffeb200                tx_pwctrl_atten_init
 *fill*         0x3ffeb20b        0x1 
 .bss           0x3ffeb20c        0x6 c:/Espressif/ESP8266_SDK/lib\libphy.a(phy_chip_v6_cal.o)
                0x3ffeb20c                loop_pwctrl_pwdet_error_accum_high_power
                0x3ffeb20e                tx_pwctrl_pk_num
                0x3ffeb20f                loop_pwctrl_correct_atten_high_power
                0x3ffeb210                tx_pwctrl_set_chan_flag
                0x3ffeb211                rxiq_cover_fail_num
 *fill*         0x3ffeb212        0x2 
 .bss           0x3ffeb214        0x7 c:/Espressif/ESP8266_SDK/lib\libphy.a(phy_sleep.o)
                0x3ffeb214                periodic_cal_sat
                0x3ffeb216                lslp_mem_opt_8266
                0x3ffeb218                software_slp_reject
                0x3ffeb219                SDIO_slp_reject
                0x3ffeb21a                hardware_reject
 *fill*         0x3ffeb21b        0x5 
 .bss           0x3ffeb220       0x30 c:/Espressif/ESP8266_SDK/lib\libpp.a(if_hwctrl.o)
                0x3ffeb220                interface_mask
                0x3ffeb230                if_ctrl
 .bss           0x3ffeb250      0x150 c:/Espressif/ESP8266_SDK/lib\libpp.a(lmac.o)
                0x3ffeb254                lmacConfMib
 .bss           0x3ffeb3a0      0x11a c:/Espressif/ESP8266_SDK/lib\libpp.a(pm.o)
                0x3ffeb3a0                pmc
 *fill*         0x3ffeb4ba        0x2 
 .bss           0x3ffeb4bc       0x30 c:/Espressif/ESP8266_SDK/lib\libpp.a(pm_for_bcn_only_mode.o)
 *fill*         0x3ffeb4ec        0x4 
 .bss           0x3ffeb4f0      0x2e2 c:/Espressif/ESP8266_SDK/lib\libpp.a(pp.o)
                0x3ffeb508                pend_flag_noise_check
                0x3ffeb510                pend_flag_periodic_cal
                0x3ffeb528                idle_timer_reopen_flag
                0x3ffeb529                dbg_stop_sw_wdt
                0x3ffeb52a                dbg_stop_hw_wdt
                0x3ffeb540                HighestFreqOffsetInOneChk
 *fill*         0x3ffeb7d2        0xe 
 .bss           0x3ffeb7e0      0x100 c:/Espressif/ESP8266_SDK/lib\libpp.a(rate_control.o)
 .bss           0x3ffeb8e0      0x448 c:/Espressif/ESP8266_SDK/lib\libpp.a(trc.o)
 *fill*         0x3ffebd28        0x8 
 .bss           0x3ffebd30     0x2f68 c:/Espressif/ESP8266_SDK/lib\libpp.a(wdev.o)
                0x3ffebd30                wDevCtrl
                0x3ffebed8                WdevTimOffSet
 *fill*         0x3ffeec98        0x8 
 .bss           0x3ffeeca0     0x1294 c:/Espressif/ESP8266_SDK/lib\libpp.a(esf_buf.o)
 .bss           0x3ffeff34      0x584 c:/Espressif/ESP8266_SDK/lib\libnet80211.a(ieee80211.o)
                0x3ffeff34                g_ic
 .bss           0x3fff04b8       0x40 c:/Espressif/ESP8266_SDK/lib\libnet80211.a(ieee80211_hostap.o)
                0x3fff04b8                BcnEb_update
                0x3fff04dc                PendFreeBcnEb
                0x3fff04e0                ApFreqCalTimer
 .bss           0x3fff04f8       0xd0 c:/Espressif/ESP8266_SDK/lib\libnet80211.a(ieee80211_scan.o)
                0x3fff04f8                gScanStruct
                0x3fff05ac                FreqCalCntForScan
                0x3fff05ae                TestStaFreqCalValInput
                0x3fff05b0                auth_type
                0x3fff05b2                scannum
 .bss           0x3fff05c8       0x3c c:/Espressif/ESP8266_SDK/lib\libnet80211.a(wl_chm.o)
 *fill*         0x3fff0604        0x4 
 .bss           0x3fff0608      0x418 c:/Espressif/ESP8266_SDK/lib\libnet80211.a(wl_cnx.o)
                0x3fff0a08                sta_con_timer
                0x3fff0a1c                g_cnx_probe_rc_list_cb
 .bss           0x3fff0a20        0x8 c:/Espressif/ESP8266_SDK/lib\libnet80211.a(ieee80211_action_vendor.o)
 *fill*         0x3fff0a28        0x8 
 .bss           0x3fff0a30       0x38 c:/Espressif/ESP8266_SDK/lib\liblwip.a(dhcp.o)
                0x3fff0a30                dhcp_rx_options_given
                0x3fff0a40                dhcp_rx_options_val
 .bss           0x3fff0a68      0x24c c:/Espressif/ESP8266_SDK/lib\liblwip.a(dhcpserver.o)
                0x3fff0a78                s
 *fill*         0x3fff0cb4        0xc 
 .bss           0x3fff0cc0      0x690 c:/Espressif/ESP8266_SDK/lib\liblwip.a(dns.o)
 .bss           0x3fff1350       0x78 c:/Espressif/ESP8266_SDK/lib\liblwip.a(espconn_tcp.o)
                0x3fff1350                espconn_TaskQueue
 *fill*         0x3fff13c8        0x8 
 .bss           0x3fff13d0      0x100 c:/Espressif/ESP8266_SDK/lib\liblwip.a(etharp.o)
                0x3fff13d4                ethzero
 .bss           0x3fff14d0       0x20 c:/Espressif/ESP8266_SDK/lib\liblwip.a(ip_addr.o)
                0x3fff14d0                ip_addr_any
 .bss           0x3fff14f0       0x12 c:/Espressif/ESP8266_SDK/lib\liblwip.a(ip.o)
                0x3fff14f0                current_iphdr_dest
                0x3fff14f4                current_iphdr_src
                0x3fff14f8                current_netif
                0x3fff14fc                current_header
 *fill*         0x3fff1502        0x2 
 .bss           0x3fff1504        0x9 c:/Espressif/ESP8266_SDK/lib\liblwip.a(netif.o)
                0x3fff1504                netif_list
                0x3fff1508                netif_default
 *fill*         0x3fff150d        0x3 
 .bss           0x3fff1510        0x4 c:/Espressif/ESP8266_SDK/lib\liblwip.a(raw.o)
 .bss           0x3fff1514       0x34 c:/Espressif/ESP8266_SDK/lib\liblwip.a(tcp_in.o)
                0x3fff1544                tcp_input_pcb
 .bss           0x3fff1548       0x1c c:/Espressif/ESP8266_SDK/lib\liblwip.a(tcp.o)
                0x3fff154c                tcp_active_pcbs
                0x3fff1550                tcp_tmp_pcb
                0x3fff1554                tcp_tw_pcbs
                0x3fff1558                tcp_bound_pcbs
                0x3fff155c                tcp_listen_pcbs
                0x3fff1560                tcp_ticks
 .bss           0x3fff1564        0xc c:/Espressif/ESP8266_SDK/lib\liblwip.a(timers.o)
 .bss           0x3fff1570        0x4 c:/Espressif/ESP8266_SDK/lib\liblwip.a(udp.o)
                0x3fff1570                udp_pcbs
 *fill*         0x3fff1574        0xc 
 .bss           0x3fff1580      0x104 c:/Espressif/ESP8266_SDK/lib\liblwip.a(espconn.o)
                0x3fff1580                plink_active
                0x3fff1584                pserver_list
                0x3fff1590                premot
                0x3fff1650                pktinfo
 .bss           0x3fff1684        0xc c:/Espressif/ESP8266_SDK/lib\liblwip.a(igmp.o)
 .bss           0x3fff1690      0x421 c:/Espressif/ESP8266_SDK/lib\liblwip.a(mdns.o)
                0x3fff1694                PUCK_SERVICE
                0x3fff169c                PUCK_PORT
                0x3fff16a8                mdns_timer
 *fill*         0x3fff1ab1        0xf 
 .bss           0x3fff1ac0      0x27a c:/Espressif/ESP8266_SDK/lib\libwpa.a(wpa.o)
 *fill*         0x3fff1d3a        0x6 
 .bss           0x3fff1d40        0x8 c:/Espressif/ESP8266_SDK/lib\libnet80211.a(ieee80211_crypto_tkip.o)
 *(.bss.*)
 .bss._ZL5ESP01
                0x3fff1d48       0x30 c:/tools/sming/Sming/compiler/lib/\libsming.a(user_main.o)
 .bss._ZL11INADDR_NONE
                0x3fff1d78        0x8 c:/tools/sming/Sming/compiler/lib/\libsming.a(user_main.o)
 .bss.System    0x3fff1d80       0x2c c:/tools/sming/Sming/compiler/lib/\libsming.a(System.o)
                0x3fff1d80                System
 .bss._ZL5ESP01
                0x3fff1dac       0x30 c:/tools/sming/Sming/compiler/lib/\libsming.a(m_printf.o)
 .bss._ZL11INADDR_NONE
                0x3fff1ddc        0x8 c:/tools/sming/Sming/compiler/lib/\libsming.a(m_printf.o)
 .bss._ZL5ESP01
                0x3fff1de4       0x30 c:/tools/sming/Sming/compiler/lib/\libsming.a(IPAddress.o)
 .bss._ZL11INADDR_NONE
                0x3fff1e14        0x8 c:/tools/sming/Sming/compiler/lib/\libsming.a(Print.o)
 .bss._ZZN6StringixEjE19dummy_writable_char
                0x3fff1e1c        0x1 c:/tools/sming/Sming/compiler/lib/\libsming.a(WString.o)
 *fill*         0x3fff1e1d        0x3 
 .bss._ZL11INADDR_NONE
                0x3fff1e20        0x8 c:/tools/sming/Sming/compiler/lib/\libsming.a(WString.o)
 .bss._delegateFunctionList
                0x3fff1e28       0x40 c:/tools/sming/Sming/compiler/lib/\libsming.a(Interrupts.o)
                0x3fff1e28                _delegateFunctionList
 .bss._ZL11INADDR_NONE
                0x3fff1e68        0x8 c:/tools/sming/Sming/compiler/lib/\libsming.a(Interrupts.o)
 .bss._ZL11INADDR_NONE
                0x3fff1e70        0x8 c:/tools/sming/Sming/compiler/lib/\libsming.a(Digital.o)
 .bss.mqtt      0x3fff1e78      0x4a8 out/build/app_app.a(application.o)
                0x3fff1e78                mqtt
 .bss.dht       0x3fff2320       0x40 out/build/app_app.a(application.o)
                0x3fff2320                dht
 .bss.ftp       0x3fff2360       0x38 out/build/app_app.a(application.o)
                0x3fff2360                ftp
 .bss.procTimer
                0x3fff2398       0x30 out/build/app_app.a(application.o)
                0x3fff2398                procTimer
 .bss.ReadTemp  0x3fff23c8       0xa0 out/build/app_app.a(application.o)
                0x3fff23c8                ReadTemp
 .bss.server    0x3fff2468       0x74 out/build/app_app.a(application.o)
                0x3fff2468                server
 .bss._ZL5ESP01
                0x3fff24dc       0x30 out/build/app_app.a(application.o)
 .bss._ZL11INADDR_NONE
                0x3fff250c        0x8 out/build/app_app.a(application.o)
 .bss.spiffs_cache
                0x3fff2514      0x480 c:/tools/sming/Sming/compiler/lib/\libsming.a(spiffs_sming.o)
 .bss.spiffs_fds
                0x3fff2994       0xe0 c:/tools/sming/Sming/compiler/lib/\libsming.a(spiffs_sming.o)
 .bss.spiffs_work_buf
                0x3fff2a74      0x200 c:/tools/sming/Sming/compiler/lib/\libsming.a(spiffs_sming.o)
 .bss._ZL11INADDR_NONE
                0x3fff2c74        0x8 c:/tools/sming/Sming/compiler/lib/\libsming.a(DataSourceStream.o)
 .bss.Serial    0x3fff2c7c       0x14 c:/tools/sming/Sming/compiler/lib/\libsming.a(HardwareSerial.o)
                0x3fff2c7c                Serial
 .bss._ZN14HardwareSerial10memberDataE
                0x3fff2c90       0x18 c:/tools/sming/Sming/compiler/lib/\libsming.a(HardwareSerial.o)
                0x3fff2c90                HardwareSerial::memberData
 .bss._ZL11INADDR_NONE
                0x3fff2ca8        0x8 c:/tools/sming/Sming/compiler/lib/\libsming.a(HardwareSerial.o)
 .bss._ZL11INADDR_NONE
                0x3fff2cb0        0x8 c:/tools/sming/Sming/compiler/lib/\libsming.a(FTPServer.o)
 .bss._ZL11INADDR_NONE
                0x3fff2cb8        0x8 c:/tools/sming/Sming/compiler/lib/\libsming.a(FTPServerConnection.o)
 .bss._ZL11INADDR_NONE
                0x3fff2cc0        0x8 c:/tools/sming/Sming/compiler/lib/\libsming.a(HttpResponse.o)
 .bss._ZL11INADDR_NONE
                0x3fff2cc8        0x8 c:/tools/sming/Sming/compiler/lib/\libsming.a(HttpServer.o)
 .bss._ZL11INADDR_NONE
                0x3fff2cd0        0x8 c:/tools/sming/Sming/compiler/lib/\libsming.a(HttpServerConnection.o)
 .bss._ZL5ESP01
                0x3fff2cd8       0x30 c:/tools/sming/Sming/compiler/lib/\libsming.a(MqttClient.o)
 .bss._ZL11INADDR_NONE
                0x3fff2d08        0x8 c:/tools/sming/Sming/compiler/lib/\libsming.a(MqttClient.o)
 .bss._ZL11INADDR_NONE
                0x3fff2d10        0x8 c:/tools/sming/Sming/compiler/lib/\libsming.a(TcpClient.o)
 .bss._ZL11INADDR_NONE
                0x3fff2d18        0x8 c:/tools/sming/Sming/compiler/lib/\libsming.a(TcpConnection.o)
 .bss._ZN9TcpServer16totalConnectionsE
                0x3fff2d20        0x2 c:/tools/sming/Sming/compiler/lib/\libsming.a(TcpServer.o)
                0x3fff2d20                TcpServer::totalConnections
 *fill*         0x3fff2d22        0x2 
 .bss._ZL11INADDR_NONE
                0x3fff2d24        0x8 c:/tools/sming/Sming/compiler/lib/\libsming.a(TcpServer.o)
 .bss._ZL11INADDR_NONE
                0x3fff2d2c        0x8 c:/tools/sming/Sming/compiler/lib/\libsming.a(WebSocket.o)
 .bss.WifiAccessPoint
                0x3fff2d34        0x8 c:/tools/sming/Sming/compiler/lib/\libsming.a(AccessPoint.o)
                0x3fff2d34                WifiAccessPoint
 .bss._ZL5ESP01
                0x3fff2d3c       0x30 c:/tools/sming/Sming/compiler/lib/\libsming.a(AccessPoint.o)
 .bss._ZL11INADDR_NONE
                0x3fff2d6c        0x8 c:/tools/sming/Sming/compiler/lib/\libsming.a(AccessPoint.o)
 .bss.WifiStation
                0x3fff2d74       0x20 c:/tools/sming/Sming/compiler/lib/\libsming.a(Station.o)
                0x3fff2d74                WifiStation
 .bss._ZL5ESP01
                0x3fff2d94       0x30 c:/tools/sming/Sming/compiler/lib/\libsming.a(Station.o)
 .bss._ZL11INADDR_NONE
                0x3fff2dc4        0x8 c:/tools/sming/Sming/compiler/lib/\libsming.a(Station.o)
 .bss.WDT       0x3fff2dcc        0x8 c:/tools/sming/Sming/compiler/lib/\libsming.a(WDT.o)
                0x3fff2dcc                WDT
 *fill*         0x3fff2dd4        0x4 
 .bss._ZN11ArduinoJson11JsonVariant8_invalidE
                0x3fff2dd8       0x10 c:/tools/sming/Sming/compiler/lib/\libsming.a(ArduinoJson.o)
                0x3fff2dd8                ArduinoJson::JsonVariant::_invalid
 .bss._ZN11ArduinoJson10JsonObject8_invalidE
                0x3fff2de8        0x8 c:/tools/sming/Sming/compiler/lib/\libsming.a(ArduinoJson.o)
                0x3fff2de8                ArduinoJson::JsonObject::_invalid
 .bss._ZN11ArduinoJson17JsonStringStorage8_invalidE
                0x3fff2df0        0x8 c:/tools/sming/Sming/compiler/lib/\libsming.a(ArduinoJson.o)
                0x3fff2df0                ArduinoJson::JsonStringStorage::_invalid
 .bss._ZN11ArduinoJson9JsonArray8_invalidE
                0x3fff2df8        0x8 c:/tools/sming/Sming/compiler/lib/\libsming.a(ArduinoJson.o)
                0x3fff2df8                ArduinoJson::JsonArray::_invalid
 .bss._ZL11INADDR_NONE
                0x3fff2e00        0x8 c:/tools/sming/Sming/compiler/lib/\libsming.a(CommandExecutor.o)
 .bss.commandHandler
                0x3fff2e08        0x4 c:/tools/sming/Sming/compiler/lib/\libsming.a(CommandHandler.o)
                0x3fff2e08                commandHandler
 .bss._ZL11INADDR_NONE
                0x3fff2e0c        0x8 c:/tools/sming/Sming/compiler/lib/\libsming.a(CommandHandler.o)
 .bss._ZL11INADDR_NONE
                0x3fff2e14        0x8 c:/tools/sming/Sming/compiler/lib/\libsming.a(CommandOutput.o)
 .bss._ZL5ESP01
                0x3fff2e1c       0x30 c:/tools/sming/Sming/compiler/lib/\libsming.a(DHT.o)
 .bss._ZL11INADDR_NONE
                0x3fff2e4c        0x8 c:/tools/sming/Sming/compiler/lib/\libsming.a(DHT.o)
 .bss.ds        0x3fff2e54       0x14 c:/tools/sming/Sming/compiler/lib/\libsming.a(ds18s20.o)
                0x3fff2e54                ds
 .bss._ZL5ESP01
                0x3fff2e68       0x30 c:/tools/sming/Sming/compiler/lib/\libsming.a(ds18s20.o)
 .bss._ZL11INADDR_NONE
                0x3fff2e98        0x8 c:/tools/sming/Sming/compiler/lib/\libsming.a(ds18s20.o)
 .bss._ZL5ESP01
                0x3fff2ea0       0x30 c:/tools/sming/Sming/compiler/lib/\libsming.a(OneWire.o)
 .bss._ZL11INADDR_NONE
                0x3fff2ed0        0x8 c:/tools/sming/Sming/compiler/lib/\libsming.a(OneWire.o)
 .bss._ZL11INADDR_NONE
                0x3fff2ed8        0x8 c:/tools/sming/Sming/compiler/lib/\libsming.a(Clock.o)
 .bss.SystemClock
                0x3fff2ee0       0x18 c:/tools/sming/Sming/compiler/lib/\libsming.a(SystemClock.o)
                0x3fff2ee0                SystemClock
 .bss._ZL11INADDR_NONE
                0x3fff2ef8        0x8 c:/tools/sming/Sming/compiler/lib/\libsming.a(SystemClock.o)
 .bss._ZL11INADDR_NONE
                0x3fff2f00        0x8 c:/tools/sming/Sming/compiler/lib/\libsming.a(HttpRequest.o)
 .bss.RTC       0x3fff2f08        0x1 c:/tools/sming/Sming/compiler/lib/\libsming.a(RTC.o)
                0x3fff2f08                RTC
 *fill*         0x3fff2f09        0x3 
 .bss._ZL11INADDR_NONE
                0x3fff2f0c        0x8 c:/tools/sming/Sming/compiler/lib/\libsming.a(CommandDelegate.o)
 .bss._ZL5ESP01
                0x3fff2f14       0x30 c:/tools/sming/Sming/compiler/lib/\libsming.a(DateTime.o)
 .bss._ZL11INADDR_NONE
                0x3fff2f44        0x8 c:/tools/sming/Sming/compiler/lib/\libsming.a(DateTime.o)
 *(.gnu.linkonce.b.*)
 *(COMMON)
 COMMON         0x3fff2f4c       0x70 c:/tools/sming/Sming/compiler/lib/\libsming.a(spiffs_sming.o)
                0x3fff2f4c                _filesystemStorageHandle
                0x3fff2fc0                . = ALIGN (0x8)
 *fill*         0x3fff2fbc        0x4 
                0x3fff2fc0                _bss_end = ABSOLUTE (.)
                0x3fff2fc0                _heap_start = ABSOLUTE (.)

.irom0.text     0x40209000    0x39bd2
                0x40209000                _irom0_text_start = ABSOLUTE (.)
 *(.irom0.literal .irom.literal .irom.text.literal .irom0.text .irom.text)
 .irom0.text    0x40209000      0x665 c:/Espressif/ESP8266_SDK/lib\libmain.a(app_main.o)
                                0x795 (size before relaxing)
                0x402091e4                wdt_init
                0x40209270                user_uart_wait_tx_fifo_empty
 *fill*         0x40209665        0x3 
 .irom0.text    0x40209668      0x15e c:/Espressif/ESP8266_SDK/lib\libmain.a(ets_timer.o)
                                0x192 (size before relaxing)
                0x40209670                ets_timer_done
                0x402096b4                ets_timer_handler_isr
                0x40209764                ets_timer_init
 *fill*         0x402097c6        0x2 
 .irom0.text    0x402097c8       0x4e c:/Espressif/ESP8266_SDK/lib\libmain.a(mem_manager.o)
                                 0x52 (size before relaxing)
                0x402097cc                xPortGetFreeHeapSize
                0x402097d4                vPortInitialiseBlocks
 *fill*         0x40209816        0x2 
 .irom0.text    0x40209818     0x28dd c:/Espressif/ESP8266_SDK/lib\libmain.a(user_interface.o)
                               0x30cd (size before relaxing)
                0x4020981c                system_set_os_print
                0x4020982c                system_get_os_print
                0x402099f8                system_pp_recycle_rx_pkt
                0x40209a0c                system_adc_read
                0x40209a24                system_get_vdd33
                0x40209a40                system_restart
                0x40209a98                system_restore
                0x40209af4                system_get_flash_size_map
                0x40209b14                system_get_boot_version
                0x40209b4c                system_get_test_result
                0x40209b74                system_get_userbin_addr
                0x40209c0c                system_get_boot_mode
                0x40209c3c                system_restart_enhance
                0x40209d6c                system_upgrade_userbin_set
                0x40209db8                system_upgrade_userbin_check
                0x40209df8                system_upgrade_flag_set
                0x40209e0c                system_upgrade_flag_check
                0x40209e34                system_upgrade_reboot
                0x40209f44                system_deep_sleep
                0x40209fa4                system_deep_sleep_set_option
                0x40209fc0                system_phy_temperature_alert
                0x40209fd4                system_phy_set_max_tpw
                0x40209fe8                system_phy_set_tpw_via_vdd33
                0x40209ffc                system_phy_set_rfoption
                0x4020a014                system_update_cpu_freq
                0x4020a070                system_get_cpu_freq
                0x4020a088                system_overclock
                0x4020a0b4                system_restoreclock
                0x4020a0e4                system_timer_reinit
                0x4020a100                system_relative_time
                0x4020a120                system_station_got_ip_set
                0x4020a228                system_print_meminfo
                0x4020a288                system_get_free_heap_size
                0x4020a2a0                system_get_chip_id
                0x4020a2c4                system_rtc_clock_cali_proc
                0x4020a2d8                system_get_rtc_time
                0x4020a2ec                system_mktime
                0x4020a3bc                system_init_done_cb
                0x4020a3c4                system_get_rst_info
                0x4020a3cc                wifi_softap_dhcps_start
                0x4020a414                wifi_softap_dhcps_stop
                0x4020a454                wifi_softap_dhcps_status
                0x4020a45c                wifi_station_dhcpc_start
                0x4020a4b4                wifi_station_dhcpc_stop
                0x4020a4f4                wifi_station_dhcpc_status
                0x4020a560                wifi_get_opmode
                0x4020a574                wifi_get_opmode_default
                0x4020a5f0                wifi_get_broadcast_if
                0x4020a62c                wifi_set_broadcast_if
                0x4020a73c                wifi_set_opmode
                0x4020a750                wifi_set_opmode_current
                0x4020a764                system_get_checksum
                0x4020a82c                system_param_save_with_protect
                0x4020a8d4                system_save_sys_param
                0x4020a900                system_param_load
                0x4020aa2c                wifi_station_get_config
                0x4020aa40                wifi_station_get_config_default
                0x4020aa60                wifi_station_get_ap_info
                0x4020ab18                wifi_station_ap_number_set
                0x4020adbc                wifi_station_set_config
                0x4020add0                wifi_station_set_config_current
                0x4020ade4                wifi_station_get_current_ap_id
                0x4020adf8                wifi_station_ap_check
                0x4020ae30                wifi_station_ap_change
                0x4020af18                wifi_station_scan
                0x4020af64                wifi_station_get_auto_connect
                0x4020af78                wifi_station_set_auto_connect
                0x4020afcc                wifi_station_connect
                0x4020b060                wifi_station_disconnect
                0x4020b10c                wifi_station_get_connect_status
                0x4020b13c                wifi_station_set_reconnect_policy
                0x4020b154                wifi_station_get_reconnect_policy
                0x4020b15c                wifi_station_get_rssi
                0x4020b1a4                wifi_station_set_default_hostname
                0x4020b1ec                wifi_station_get_hostname
                0x4020b214                wifi_station_set_hostname
                0x4020b2a0                wifi_softap_cacl_mac
                0x4020b310                wifi_softap_set_default_ssid
                0x4020b4b8                wifi_softap_get_config
                0x4020b4cc                wifi_softap_get_config_default
                0x4020b73c                wifi_softap_set_config
                0x4020b750                wifi_softap_set_config_current
                0x4020b764                wifi_softap_set_station_info
                0x4020b7d0                wifi_softap_get_station_info
                0x4020b874                wifi_softap_free_station_info
                0x4020b8a8                wifi_softap_get_station_num
                0x4020b8fc                wifi_softap_deauth
                0x4020b9ac                wifi_softap_get_beacon_only_mode
                0x4020b9c0                wifi_softap_set_beacon_only_mode
                0x4020ba28                wifi_set_user_ie
                0x4020ba98                wifi_get_user_ie
                0x4020baa8                wifi_get_phy_mode
                0x4020bab0                wifi_set_phy_mode
                0x4020bb78                wifi_set_sleep_type
                0x4020bb94                wifi_get_sleep_type
                0x4020bbac                wifi_get_channel
                0x4020bbc4                wifi_set_channel
                0x4020bc08                wifi_promiscuous_set_mac
                0x4020bc68                wifi_promiscuous_enable
                0x4020bd4c                wifi_set_promiscuous_rx_cb
                0x4020bd5c                wifi_get_ip_info
                0x4020bddc                wifi_set_ip_info
                0x4020be50                wifi_get_macaddr
                0x4020beb0                wifi_set_macaddr
                0x4020bf9c                wifi_status_led_install
                0x4020bfd0                wifi_status_led_uninstall
                0x4020bff4                wifi_set_status_led_output_level
                0x4020c008                wifi_set_event_handler_cb
                0x4020c018                system_os_task
                0x4020c05c                system_uart_swap
                0x4020c0bc                system_uart_de_swap
                0x4020c0f0                system_get_sdk_version
 *fill*         0x4020c0f5        0x3 
 .irom0.text    0x4020c0f8      0x5cf c:/Espressif/ESP8266_SDK/lib\libmain.a(eagle_lib.o)
                                0x5df (size before relaxing)
                0x4020c0fc                divide
                0x4020c138                skip_atoi
                0x4020c2b8                ets_vsnprintf
                0x4020c618                ets_vsprintf
                0x4020c63c                ets_sprintf
                0x4020c664                ets_strcat
                0x4020c684                ets_strrchr
                0x4020c6b0                ets_strchr
 *fill*         0x4020c6c7        0x1 
 .irom0.text    0x4020c6c8      0x2c6 c:/Espressif/ESP8266_SDK/lib\libmain.a(eagle_lwip_if.o)
                                0x366 (size before relaxing)
                0x4020c778                eagle_lwip_if_alloc
                0x4020c910                eagle_lwip_if_free
                0x4020c96c                eagle_lwip_getif
 *fill*         0x4020c98e        0x2 
 .irom0.literal
                0x4020c990        0x0 c:/tools/sming/Sming/compiler/lib/\libmicroc.a(strchr.o)
                                  0x4 (size before relaxing)
 .irom0.literal
                0x4020c990        0x0 c:/tools/sming/Sming/compiler/lib/\libmicroc.a(strrchr.o)
                                  0x4 (size before relaxing)
 .irom0.literal
                0x4020c990        0xc c:/tools/sming/Sming/compiler/lib/\libmicroc.a(strchrnul.o)
 .irom0.literal
                0x4020c99c        0x4 c:/tools/sming/Sming/compiler/lib/\libmicroc.a(malloc.o)
                                 0x14 (size before relaxing)
 .irom0.literal
                0x4020c9a0        0x4 c:/tools/sming/Sming/compiler/lib/\libmicroc.a(abort.o)
                                  0x8 (size before relaxing)
 .irom0.literal
                0x4020c9a4        0x0 c:/tools/sming/Sming/compiler/lib/\libmicroc.a(memchr.o)
                                  0x8 (size before relaxing)
 .irom0.literal
                0x4020c9a4        0x8 c:/tools/sming/Sming/compiler/lib/\libmicrogcc.a(_divsf3.o)
                                 0x10 (size before relaxing)
 .irom0.text    0x4020c9ac       0x25 c:/tools/sming/Sming/compiler/lib/\libmicroc.a(strchr.o)
                                 0x29 (size before relaxing)
                0x4020c9ac                strchr
 *fill*         0x4020c9d1        0x3 
 .irom0.text    0x4020c9d4        0xf c:/tools/sming/Sming/compiler/lib/\libmicroc.a(strrchr.o)
                                 0x13 (size before relaxing)
                0x4020c9d4                strrchr
 *fill*         0x4020c9e3        0x1 
 .irom0.text    0x4020c9e4       0x75 c:/tools/sming/Sming/compiler/lib/\libmicroc.a(strchrnul.o)
                0x4020c9e4                strchrnul
                0x4020c9e4                __strchrnul
 *fill*         0x4020ca59        0x3 
 .irom0.text    0x4020ca5c       0x65 c:/tools/sming/Sming/compiler/lib/\libmicroc.a(malloc.o)
                0x4020ca5c                malloc
                0x4020ca70                free
                0x4020ca84                realloc
                0x4020ca98                zalloc
                0x4020caac                calloc
 *fill*         0x4020cac1        0x3 
 .irom0.text    0x4020cac4       0x11 c:/tools/sming/Sming/compiler/lib/\libmicroc.a(abort.o)
                0x4020cac4                abort
 *fill*         0x4020cad5        0x3 
 .irom0.text    0x4020cad8       0xfa c:/Espressif/ESP8266_SDK/lib\libphy.a(phy.o)
                                0x11e (size before relaxing)
                0x4020cadc                rf_init
                0x4020caf8                bb_init
                0x4020cb10                phy_init
                0x4020cb40                RFChannelSel
                0x4020cb5c                phy_delete_channel
                0x4020cb74                phy_enable_agc
                0x4020cb8c                phy_disable_agc
                0x4020cba4                phy_initialize_bb
                0x4020cbbc                phy_set_sense
 *fill*         0x4020cbd2        0x2 
 .irom0.text    0x4020cbd4     0x18dc c:/Espressif/ESP8266_SDK/lib\libphy.a(phy_chip_v6_ana.o)
                               0x1b00 (size before relaxing)
                0x4020cbd8                ram_pbus_set_rxgain
                0x4020ccb4                ram_pbus_debugmode
                0x4020cd68                ram_pbus_xpd_tx_on
                0x4020cdd4                set_rf_freq_offset
                0x4020ce48                chip_v6_rxmax_ext_ana
                0x4020cf98                ram_chip_v6_rx_init
                0x4020cfcc                tsen_meas
                0x4020d07c                readvdd33
                0x4020d210                txpwr_offset
                0x4020d2d0                set_txcap_reg
                0x4020d350                ram_ana_inf_gating_en
                0x4020d4b0                ram_restart_cal
                0x4020d51c                wait_rfpll_cal_end
                0x4020d5b0                ram_rfpll_set_freq
                0x4020d6bc                ram_set_channel_freq
                0x4020d9f4                chip_60_set_channel
                0x4020dbbc                chip_v6_set_chan_offset
                0x4020dbf4                chip_v6_set_chan
                0x4020dc6c                chip_v6_set_chan_wakeup
                0x4020dcec                chip_v6_rf_init
                0x4020def8                low_power_set
                0x4020df5c                test_tout
                0x4020e1a0                check_data_flag
                0x4020e1c4                phy_get_check_flag
                0x4020e334                phy_get_vdd33
 .irom0.text    0x4020e4b0     0x3954 c:/Espressif/ESP8266_SDK/lib\libphy.a(phy_chip_v6.o)
                               0x3f50 (size before relaxing)
                0x4020e4b0                ram_tx_mac_enable
                0x4020e4b4                rtc_mem_backup
                0x4020e4e4                rtc_mem_recovery
                0x4020e514                set_cal_rxdc
                0x4020e5c8                set_rx_gain_cal_iq
                0x4020e924                gen_rx_gain_table
                0x4020ea64                pbus_set_rxbbgain
                0x4020eae4                set_rx_gain_testchip_50
                0x4020edf4                ram_get_corr_power
                0x4020eee4                check_data_func
                0x4020ef04                do_noisefloor_lsleep_v50
                0x4020ef38                do_noisefloor
                0x4020efa8                start_dig_rx
                0x4020efec                stop_dig_rx
                0x4020f018                chip_v6_set_chanfreq
                0x4020f050                tx_cap_init
                0x4020f210                target_power_add_backoff
                0x4020f260                tx_pwctrl_init_cal
                0x4020f3c8                tx_atten_set_interp
                0x4020f644                tx_pwctrl_init
                0x4020f738                ram_get_noisefloor
                0x4020f754                get_noisefloor_sat
                0x4020f784                ram_set_noise_floor
                0x4020f7e0                ram_start_noisefloor
                0x4020f82c                read_hw_noisefloor
                0x4020f858                noise_check_loop
                0x4020f9b4                noise_init
                0x4020fbb0                target_power_backoff
                0x4020fc04                sdt_on_noise_start
                0x4020fc88                chip_v6_set_chan_rx_cmp
                0x4020fe10                chip_v6_set_chan_misc
                0x4020fea0                phy_dig_spur_set
                0x40210200                phy_dig_spur_prot
                0x40210438                chip_v6_rxmax_ext_dig
                0x40210484                chip_v6_rxmax_ext
                0x4021053c                phy_bb_rx_cfg
                0x4021093c                uart_wait_idle
                0x40210974                phy_pbus_soc_cfg
                0x40210a38                phy_gpio_cfg
                0x40210d80                tx_cont_en
                0x40210e28                tx_cont_dis
                0x40210e7c                tx_cont_cfg
                0x40210e9c                chip_v6_initialize_bb
                0x40211008                periodic_cal
                0x40211114                bbpll_cal
                0x402111ac                periodic_cal_top
                0x4021120c                register_chipv6_phy_init_param
                0x402114ac                change_bbpll160_sleep
                0x4021159c                change_bbpll160
                0x402115d4                set_crystal_uart
                0x4021164c                ant_switch_init
                0x402116f8                reduce_current_init
                0x40211760                rtc_mem_check
                0x40211798                phy_afterwake_set_rfoption
                0x402117c4                deep_sleep_set_option
                0x40211840                register_chipv6_phy
                0x40211b00                set_dpd_bypass
                0x40211b58                set_rf_gain_stage10
                0x40211b88                get_vdd33_offset
                0x40211bfc                get_phy_target_power
                0x40211cac                set_most_pwr_reg
                0x40211d80                phy_set_most_tpw
                0x40211da4                phy_vdd33_set_tpw
                0x40211dbc                get_adc_rand
                0x40211df0                phy_get_rand
 .irom0.text    0x40211e04     0x214c c:/Espressif/ESP8266_SDK/lib\libphy.a(phy_chip_v6_cal.o)
                               0x2388 (size before relaxing)
                0x40211e04                txbbgain2dcoindex
                0x40211e24                dcoindex2txbbgain
                0x40211e48                init_cal_dcoffset
                0x40211f0c                set_rfanagain_dc_reg
                0x40211fa8                set_txdc_pbus
                0x40212014                get_rf_gain_qdb
                0x4021203c                correct_rf_ana_gain
                0x40212144                get_sar_dout
                0x402121dc                cal_rf_ana_gain
                0x402122b4                meas_tone_pwr_db
                0x40212324                tx_pwr_backoff
                0x40212470                get_fcc_1m2m_pwr_offset
                0x402124ac                ram_set_txbb_atten
                0x40212540                txiq_get_mis_pwr
                0x402125e4                txiq_cover
                0x40212800                ram_rfcal_txiq
                0x40212a70                rc_cal
                0x40212c30                get_target_power_offset
                0x40212d38                get_pwctrl_correct
                0x40212d90                tx_pwctrl_cal
                0x402130d0                tx_pwctrl_bg_init
                0x4021314c                tx_pwctrl_background
                0x40213204                read_sar_dout
                0x40213268                ram_get_fm_sar_dout
                0x4021330c                ram_cal_tos_v60
                0x402134ec                ram_get_bb_atten
                0x4021351c                ram_rfcal_txcap
                0x402136e0                ram_rfcal_pwrctrl
                0x4021390c                ram_rxiq_get_mis
                0x40213adc                ram_rxiq_cover_mg_mp
                0x40213c80                ram_rfcal_rxiq
                0x40213e8c                dpd_scale_set
                0x40213ed4                dpd_mem_write
 .irom0.text    0x40213f50      0x271 c:/Espressif/ESP8266_SDK/lib\libphy.a(phy_chip_v6_unused.o)
                                0x2fd (size before relaxing)
                0x40213f50                chip_v6_set_sense
                0x40213f54                chip_v6_get_sense
                0x40213f58                chip_v6_unset_chanfreq
                0x40213f64                data_collect
                0x40214038                operation_test
                0x402140b0                slop_wdt_feed
                0x402140c4                slop_test
                0x40214178                wd_reset_cnt
 *fill*         0x402141c1        0x3 
 .irom0.text    0x402141c4      0xd16 c:/Espressif/ESP8266_SDK/lib\libphy.a(phy_sleep.o)
                                0xf2e (size before relaxing)
                0x402141c4                pm_usec2rtc
                0x402141f8                pm_rtc2usec
                0x40214208                pm_set_sleep_cycles
                0x40214230                pm_sleep_opt
                0x40214334                pm_wakeup_opt
                0x4021436c                get_chip_version
                0x402143ac                pm_sleep_opt_bb_off
                0x402143ec                pm_sleep_opt_bb_on
                0x40214438                pm_set_pll_xtal_wait_time
                0x40214480                pm_prepare_to_sleep
                0x402144a4                pm_sdio_nidle
                0x40214518                chg_lslp_mem_opt_8266
                0x40214548                pm_goto_sleep
                0x40214694                pm_wait4wakeup
                0x402146cc                pm_open_rf
                0x40214714                pm_sleep_set_mac
                0x40214798                pm_set_wakeup_mac
                0x40214834                pm_check_mac_idle
                0x4021488c                pm_set_sleep_btco
                0x4021492c                pm_set_wakeup_btco
                0x40214a40                pm_set_sleep_mode
                0x40214b10                pm_unmask_bt
                0x40214b74                pm_wakeup_init
                0x40214d7c                sleep_opt_8266
                0x40214d9c                sleep_opt_bb_on_8266
                0x40214dd8                sleep_reset_analog_rtcreg_8266
 *fill*         0x40214eda        0x2 
 .irom0.text    0x40214edc      0x405 c:/Espressif/ESP8266_SDK/lib\libpp.a(if_hwctrl.o)
                                0x4f9 (size before relaxing)
                0x40214ee0                ic_get_addr
                0x40214eec                ic_set_opmode
                0x40214f04                ic_enable_interface
                0x40214f54                ic_interface_enabled
                0x40214f68                ic_disable_interface
                0x40214fb0                ic_is_pure_sta
                0x40214fcc                ic_get_ptk_alg
                0x40214fdc                ic_get_gtk_alg
                0x40214fec                ic_set_ptk_alg
                0x40214ffc                ic_set_gtk_alg
                0x4021500c                ic_interface_is_p2p
                0x4021509c                ic_set_vif
                0x40215138                ic_set_sta
                0x402151f0                ic_bss_info_update
                0x4021524c                ic_set_key
                0x402152a8                ic_remove_key
                0x402152bc                ic_get_rssi
 *fill*         0x402152e1        0x3 
 .irom0.text    0x402152e4       0xfc c:/Espressif/ESP8266_SDK/lib\libpp.a(lmac.o)
                                0x114 (size before relaxing)
                0x402152e8                lmacInitAc
                0x4021531c                lmacInit
                0x402153c4                lmacSetRetryLimit
 .irom0.text    0x402153e0     0x19bd c:/Espressif/ESP8266_SDK/lib\libpp.a(pm.o)
                               0x1f35 (size before relaxing)
                0x402153e8                pm_rtc_clock_cali_proc
                0x40215420                pm_get_ck170_period
                0x40215444                pm_set_sleep_time
                0x40215700                pm_rf_is_closed
                0x40215738                pm_set_sleep_type_from_upper
                0x4021582c                pm_get_sleep_type
                0x40215a00                uart_tx_flush
                0x40215a04                pm_suspend
                0x40215c40                pm_shutdown
                0x40215d1c                pm_reset_idle_sleep
                0x40215d5c                pm_idle_sleep
                0x40215d68                pm_open
                0x40215e4c                pm_onBcnRx
                0x402161e0                StopLightSleepSetFunc
                0x402161e8                LightSleepWakedCbSetFunc
                0x402167c4                pm_enable_gpio_wakeup
                0x402167fc                pm_attach
                0x402168ec                pm_send_nullfunc
                0x40216a90                pm_is_waked
                0x40216aa8                pm_is_open
                0x40216ac0                pm_scan_lock
                0x40216ae8                pm_try_scan_unlock
                0x40216b00                pm_force_scan_unlock
                0x40216bbc                pm_scan_unlocked
                0x40216bd0                pm_allow_tx
                0x40216bec                pm_assoc_parse
                0x40216c04                pm_set_addr
                0x40216c24                pm_sleep_for
                0x40216c58                pm_post
                0x40216d5c                pm_get_idle_wait_time
 *fill*         0x40216d9d        0x3 
 .irom0.text    0x40216da0      0x9a5 c:/Espressif/ESP8266_SDK/lib\libpp.a(pm_for_bcn_only_mode.o)
                                0xcbd (size before relaxing)
                0x40216dbc                fpm_set_type_from_upper
                0x40216e80                fpm_get_slp_type
                0x40216e88                fpm_rf_is_closed
                0x40216e9c                fpm_is_open
                0x40216ea8                fpm_allow_tx
                0x40216ecc                fpm_close
                0x40216f48                fpm_open
                0x40216fb0                fpm_attach
                0x4021724c                fpm_do_wakeup
                0x402176cc                fpm_do_sleep
 *fill*         0x40217745        0x3 
 .irom0.text    0x40217748     0x139a c:/Espressif/ESP8266_SDK/lib\libpp.a(pp.o)
                               0x170a (size before relaxing)
                0x40217750                PPWdtReset
                0x4021777c                pp_soft_wdt_init
                0x402177a4                system_soft_wdt_stop
                0x402177a4                pp_soft_wdt_stop
                0x402177d0                pp_soft_wdt_restart
                0x402177d0                system_soft_wdt_restart
                0x40217800                RxNodeNum
                0x40217824                TxNodeNum
                0x40217848                pp_disable_noise_timer
                0x40217868                pp_enable_noise_timer
                0x40217978                pp_noise_test
                0x40217988                reset_noise_timer
                0x402179c0                pp_disable_idle_timer
                0x402179e4                pp_enable_idle_timer
                0x40217a0c                pp_try_enable_idle_timer
                0x40217a44                ppPeocessRxPktHdr
                0x40217d30                ppTxPkt
                0x40217e44                ppProcessWaitQ
                0x40217e54                ppRegisterTxCallback
                0x40217e8c                ppRecycleRxPkt
                0x40217eec                ppCheckTxIdle
                0x40218158                pp_tx_idle_timeout
                0x4021861c                ppGetTxQFirstAvail_Locked
                0x40218700                pp_attach
 *fill*         0x40218ae2        0x2 
 .irom0.text    0x40218ae4      0x296 c:/Espressif/ESP8266_SDK/lib\libpp.a(rate_control.o)
                                0x2a2 (size before relaxing)
                0x40218d30                RC_SetBasicRate
 *fill*         0x40218d7a        0x2 
 .irom0.text    0x40218d7c      0x3d9 c:/Espressif/ESP8266_SDK/lib\libpp.a(trc.o)
                                0x431 (size before relaxing)
                0x40218da8                rcUpdatePhyMode
                0x40218e84                rcAttach
                0x40218ed0                rcGetTrc
                0x40218ed8                trc_onDisconnect
                0x40218edc                trc_onScanStart
                0x40218ef0                trc_onScanDone
                0x40218f0c                rc_enable_trc
                0x40218fd4                rc_get_mask
                0x40218fe8                rc_disable_trc
                0x4021903c                rc_disable_trc_by_interface
                0x40219058                rc_get_sta_trc
                0x40219098                rc_get_trc
                0x40219108                rc_get_trc_by_index
                0x40219128                rc_only_sta_trc
 *fill*         0x40219155        0x3 
 .irom0.text    0x40219158      0xaf7 c:/Espressif/ESP8266_SDK/lib\libpp.a(wdev.o)
                                0xc47 (size before relaxing)
                0x40219164                wDev_Option_Init
                0x40219258                wDev_Enable_Beacon_Tsf
                0x40219274                wDev_Disable_Beacon_Tsf
                0x40219290                wDev_Set_Beacon_Int
                0x40219298                wDev_Reset_TBTT
                0x402192c8                wDev_Get_Next_TBTT
                0x4021953c                wDev_Initialize
                0x402195ac                wDevForceAck6M
                0x402195c8                wDev_SetMacAddress
                0x40219668                wDev_SetRxPolicy
                0x402196bc                wDev_SetBssid
                0x40219794                wDev_ClearBssid
                0x402197cc                wDev_Insert_KeyEntry
                0x402198c0                wDev_remove_KeyEntry
                0x402198fc                wDev_remove_KeyEntry_all_cnx
                0x4021994c                wDev_Crypto_Conf
                0x402199e8                wDev_Crypto_Disable
                0x40219a20                wDevEnableRx
                0x40219a4c                wdev_go_sniffer
                0x40219b28                wdev_set_sniffer_addr
                0x40219b80                wdev_exit_sniffer
 *fill*         0x40219c4f        0x1 
 .irom0.text    0x40219c50      0x3bf c:/Espressif/ESP8266_SDK/lib\libpp.a(esf_buf.o)
                                0x483 (size before relaxing)
                0x40219c54                esf_buf_alloc
                0x40219de8                esf_buf_recycle
                0x40219f08                esf_buf_setup
 *fill*         0x4021a00f        0x1 
 .irom0.text    0x4021a010      0x3a9 c:/Espressif/ESP8266_SDK/lib\libnet80211.a(ieee80211.o)
                                0x45d (size before relaxing)
                0x4021a0a0                ieee80211_ifattach
                0x4021a0f0                ieee80211_mhz2ieee
                0x4021a14c                ieee80211_chan2ieee
                0x4021a168                ieee80211_ieee2mhz
                0x4021a1a8                ieee80211_find_channel
                0x4021a1d4                ieee80211_find_channel_byieee
                0x4021a224                wifi_mode_set
 *fill*         0x4021a3b9        0x3 
 .irom0.text    0x4021a3bc       0xc7 c:/Espressif/ESP8266_SDK/lib\libnet80211.a(ieee80211_crypto.o)
                                 0xcf (size before relaxing)
                0x4021a3bc                ieee80211_crypto_attach
                0x4021a3c0                ieee80211_crypto_available
                0x4021a3c4                ieee80211_crypto_setkey
                0x4021a3c8                ieee80211_crypto_encap
                0x4021a418                ieee80211_crypto_decap
 *fill*         0x4021a483        0x1 
 .irom0.text    0x4021a484       0x4c c:/Espressif/ESP8266_SDK/lib\libnet80211.a(ieee80211_ets.o)
                                 0x50 (size before relaxing)
                0x4021a488                ieee80211_getmgtframe
 .irom0.text    0x4021a4d0     0x12ea c:/Espressif/ESP8266_SDK/lib\libnet80211.a(ieee80211_hostap.o)
                               0x1722 (size before relaxing)
                0x4021a978                ieee80211_hostap_attach
                0x4021aa54                hostap_handle_timer
                0x4021aae8                hostap_input
                0x4021b4dc                wifi_softap_start
                0x4021b638                wifi_softap_stop
 *fill*         0x4021b7ba        0x2 
 .irom0.text    0x4021b7bc      0xa4a c:/Espressif/ESP8266_SDK/lib\libnet80211.a(ieee80211_ht.o)
                                0xb16 (size before relaxing)
                0x4021b7cc                ieee80211_ht_attach
                0x4021b81c                ieee80211_ht_node_init
                0x4021b858                ieee80211_ht_node_cleanup
                0x4021b890                ieee80211_parse_htcap
                0x4021b964                ieee80211_ht_updateparams
                0x4021ba6c                ieee80211_setup_htrates
                0x4021bb38                ieee80211_setup_basic_htrates
                0x4021be70                ieee80211_add_htcap
                0x4021be8c                ieee80211_add_htcap_vendor
                0x4021bfb0                ieee80211_add_htinfo
                0x4021bfcc                ieee80211_add_htinfo_vendor
 *fill*         0x4021c206        0x2 
 .irom0.text    0x4021c208      0x958 c:/Espressif/ESP8266_SDK/lib\libnet80211.a(ieee80211_input.o)
                                0x9d0 (size before relaxing)
                0x4021c208                ieee80211_deliver_data
                0x4021c25c                ieee80211_decap
                0x4021c360                ieee80211_setup_rates
                0x4021c3cc                ieee80211_alloc_challenge
                0x4021c404                ieee80211_parse_beacon
                0x4021c8ac                ieee80211_parse_wpa
                0x4021c9c0                ieee80211_parse_rsn
                0x4021cac0                ieee80211_parse_action
                0x4021cb5c                ieee80211_setup_rateset
 .irom0.text    0x4021cb60     0x16a9 c:/Espressif/ESP8266_SDK/lib\libnet80211.a(ieee80211_output.o)
                               0x1951 (size before relaxing)
                0x4021cb64                ieee80211_output_pbuf
                0x4021cdc0                ieee80211_send_setup
                0x4021cef4                ieee80211_mgmt_output
                0x4021cfd8                ieee80211_tx_mgt_cb
                0x4021cfdc                ieee80211_send_nulldata
                0x4021d438                ieee80211_add_rates
                0x4021d470                ieee80211_add_xrates
                0x4021d534                ieee80211_send_probereq
                0x4021d6e0                ieee80211_getcapinfo
                0x4021d738                ieee80211_send_mgmt
                0x4021dc58                ieee80211_alloc_proberesp
                0x4021ddb4                ieee80211_send_proberesp
                0x4021e0d0                ieee80211_beacon_alloc
 *fill*         0x4021e209        0x3 
 .irom0.text    0x4021e20c      0x147 c:/Espressif/ESP8266_SDK/lib\libnet80211.a(ieee80211_phy.o)
                                0x16f (size before relaxing)
                0x4021e210                ieee80211_get_11g_ratetable
                0x4021e21c                ieee80211_get_ratetable
                0x4021e234                ieee80211_phy_init
                0x4021e268                ieee80211_phy_type_get
                0x4021e278                ieee80211_setup_ratetable
                0x4021e2ac                ieee80211_compute_duration
                0x4021e32c                ieee80211_dot11Rate_rix
 *fill*         0x4021e353        0x1 
 .irom0.text    0x4021e354      0x1b6 c:/Espressif/ESP8266_SDK/lib\libnet80211.a(ieee80211_power.o)
                                0x1f2 (size before relaxing)
                0x4021e354                ieee80211_psq_init
                0x4021e374                ieee80211_psq_cleanup
                0x4021e37c                ieee80211_set_tim
                0x4021e3bc                ieee80211_pwrsave
                0x4021e424                pwrsave_flushq
                0x4021e4d4                ieee80211_node_pwrsave
 *fill*         0x4021e50a        0x2 
 .irom0.text    0x4021e50c      0x15b c:/Espressif/ESP8266_SDK/lib\libnet80211.a(ieee80211_proto.o)
                                0x177 (size before relaxing)
                0x4021e510                ieee80211_proto_attach
                0x4021e538                ieee80211_set_shortslottime
                0x4021e554                ieee80211_iserp_rateset
                0x4021e5e8                ieee80211_setbasicrates
                0x4021e5fc                ieee80211_addbasicrates
                0x4021e610                ieee80211_wme_initparams
                0x4021e614                ieee80211_wme_updateparams
                0x4021e618                ieee80211_mlme_connect_bss
 *fill*         0x4021e667        0x1 
 .irom0.text    0x4021e668      0xdb8 c:/Espressif/ESP8266_SDK/lib\libnet80211.a(ieee80211_scan.o)
                               0x10c0 (size before relaxing)
                0x4021e674                ieee80211_scan_attach
                0x4021e704                scan_start
                0x4021e874                scan_pm_channel_op_cb
                0x4021ea14                scan_cancel
                0x4021eb4c                scan_add_bssid
                0x4021eb70                scan_remove_bssid
                0x4021eb7c                scan_hidden_ssid
                0x4021eb84                scan_add_probe_ssid
                0x4021ebc4                scan_remove_probe_ssid
                0x4021ed00                scan_clear_channles
                0x4021ed74                scan_set_desChan
                0x4021ed80                scan_get_type
                0x4021ed88                cannel_scan_connect_state
                0x4021eda0                scan_connect_state
                0x4021ede8                scan_check_hidden
                0x4021ee10                scan_profile_check
                0x4021f130                scan_parse_beacon
 .irom0.text    0x4021f420      0xc56 c:/Espressif/ESP8266_SDK/lib\libnet80211.a(ieee80211_sta.o)
                                0xe41 (size before relaxing)
                0x4021f44c                sta_status_set
                0x4021f494                ieee80211_sta_new_state
                0x4021f76c                sta_input
                0x4021fae8                ieee80211_parse_wmeparams
                0x4021ffcc                wifi_station_start
                0x4022003c                wifi_station_stop
 *fill*         0x40220076        0x2 
 .irom0.text    0x40220078      0x29e c:/Espressif/ESP8266_SDK/lib\libnet80211.a(wl_chm.o)
                                0x31e (size before relaxing)
                0x40220084                chm_init
                0x402200e8                chm_acquire_lock
                0x4022012c                chm_release_lock
                0x40220140                chm_start_op
                0x402201e4                chm_end_op
                0x4022022c                chm_cancel_op
                0x40220260                chm_return_home_channel
                0x40220290                chm_set_current_channel
                0x402202c0                chm_freq2index
                0x402202e8                chm_check_same_channel
 *fill*         0x40220316        0x2 
 .irom0.text    0x40220318     0x14d7 c:/Espressif/ESP8266_SDK/lib\libnet80211.a(wl_cnx.o)
                               0x1913 (size before relaxing)
                0x40220324                cnx_attach
                0x40220364                cnx_sta_connect_led_timer_cb
                0x402203bc                cnx_sta_connect_cmd
                0x40220478                cnx_sta_scan_cmd
                0x402206b8                cnx_connect_timeout
                0x40220720                cnx_start_handoff_cb
                0x40220b68                cnx_bss_alloc
                0x40220c0c                cnx_rc_search
                0x40220cd4                cnx_add_rc
                0x40220dd0                cnx_remove_rc
                0x40220f30                cnx_rc_update_rssi
                0x40220fb8                cnx_rc_update_state_metric
                0x40221024                cnx_rc_update_age
                0x40221048                cnx_update_bss
                0x4022107c                cnx_update_bss_more
                0x4022121c                cnx_sta_leave
                0x40221364                cnx_sta_associated
                0x402213fc                cnx_node_alloc
                0x40221468                cnx_node_remove
                0x402214e0                cnx_node_search
                0x4022155c                cnx_node_leave